Archive member included to satisfy reference by file (symbol)

/Users/kylewilliamson/.pico-sdk/toolchain/14_2_Rel1/bin/../lib/gcc/arm-none-eabi/14.2.1/../../../../arm-none-eabi/lib/thumb/v8-m.main+fp/softfp/libm.a(libm_a-wf_sqrt.o)
                              CMakeFiles/Lab4.dir/Users/kylewilliamson/.pico-sdk/sdk/2.1.1/src/rp2_common/pico_float/float_math.c.o (sqrtf)
/Users/kylewilliamson/.pico-sdk/toolchain/14_2_Rel1/bin/../lib/gcc/arm-none-eabi/14.2.1/../../../../arm-none-eabi/lib/thumb/v8-m.main+fp/softfp/libm.a(libm_a-ef_sqrt.o)
                              /Users/kylewilliamson/.pico-sdk/toolchain/14_2_Rel1/bin/../lib/gcc/arm-none-eabi/14.2.1/../../../../arm-none-eabi/lib/thumb/v8-m.main+fp/softfp/libm.a(libm_a-wf_sqrt.o) (__ieee754_sqrtf)
/Users/kylewilliamson/.pico-sdk/toolchain/14_2_Rel1/bin/../lib/gcc/arm-none-eabi/14.2.1/thumb/v8-m.main+fp/softfp/libgcc.a(_arm_addsubdf3.o)
                              CMakeFiles/Lab4.dir/adc.c.o (__aeabi_f2d)
/Users/kylewilliamson/.pico-sdk/toolchain/14_2_Rel1/bin/../lib/gcc/arm-none-eabi/14.2.1/thumb/v8-m.main+fp/softfp/libgcc.a(_aeabi_ldivmod.o)
                              CMakeFiles/Lab4.dir/Users/kylewilliamson/.pico-sdk/sdk/2.1.1/src/common/pico_time/time.c.o (__aeabi_ldivmod)
/Users/kylewilliamson/.pico-sdk/toolchain/14_2_Rel1/bin/../lib/gcc/arm-none-eabi/14.2.1/thumb/v8-m.main+fp/softfp/libgcc.a(_aeabi_uldivmod.o)
                              CMakeFiles/Lab4.dir/Users/kylewilliamson/.pico-sdk/sdk/2.1.1/src/rp2_common/hardware_clocks/clocks.c.o (__aeabi_uldivmod)
/Users/kylewilliamson/.pico-sdk/toolchain/14_2_Rel1/bin/../lib/gcc/arm-none-eabi/14.2.1/thumb/v8-m.main+fp/softfp/libgcc.a(_udivmoddi4.o)
                              /Users/kylewilliamson/.pico-sdk/toolchain/14_2_Rel1/bin/../lib/gcc/arm-none-eabi/14.2.1/thumb/v8-m.main+fp/softfp/libgcc.a(_aeabi_ldivmod.o) (__udivmoddi4)
/Users/kylewilliamson/.pico-sdk/toolchain/14_2_Rel1/bin/../lib/gcc/arm-none-eabi/14.2.1/thumb/v8-m.main+fp/softfp/libgcc.a(_dvmd_tls.o)
                              /Users/kylewilliamson/.pico-sdk/toolchain/14_2_Rel1/bin/../lib/gcc/arm-none-eabi/14.2.1/thumb/v8-m.main+fp/softfp/libgcc.a(_aeabi_ldivmod.o) (__aeabi_ldiv0)
/Users/kylewilliamson/.pico-sdk/toolchain/14_2_Rel1/bin/../lib/gcc/arm-none-eabi/14.2.1/../../../../arm-none-eabi/lib/thumb/v8-m.main+fp/softfp/libg.a(libc_a-calloc.o)
                              CMakeFiles/Lab4.dir/Users/kylewilliamson/.pico-sdk/sdk/2.1.1/src/rp2_common/pico_malloc/malloc.c.o (calloc)
/Users/kylewilliamson/.pico-sdk/toolchain/14_2_Rel1/bin/../lib/gcc/arm-none-eabi/14.2.1/../../../../arm-none-eabi/lib/thumb/v8-m.main+fp/softfp/libg.a(libc_a-callocr.o)
                              /Users/kylewilliamson/.pico-sdk/toolchain/14_2_Rel1/bin/../lib/gcc/arm-none-eabi/14.2.1/../../../../arm-none-eabi/lib/thumb/v8-m.main+fp/softfp/libg.a(libc_a-calloc.o) (_calloc_r)
/Users/kylewilliamson/.pico-sdk/toolchain/14_2_Rel1/bin/../lib/gcc/arm-none-eabi/14.2.1/../../../../arm-none-eabi/lib/thumb/v8-m.main+fp/softfp/libg.a(libc_a-malloc.o)
                              CMakeFiles/Lab4.dir/Users/kylewilliamson/.pico-sdk/sdk/2.1.1/src/rp2_common/pico_malloc/malloc.c.o (malloc)
/Users/kylewilliamson/.pico-sdk/toolchain/14_2_Rel1/bin/../lib/gcc/arm-none-eabi/14.2.1/../../../../arm-none-eabi/lib/thumb/v8-m.main+fp/softfp/libg.a(libc_a-mallocr.o)
                              /Users/kylewilliamson/.pico-sdk/toolchain/14_2_Rel1/bin/../lib/gcc/arm-none-eabi/14.2.1/../../../../arm-none-eabi/lib/thumb/v8-m.main+fp/softfp/libg.a(libc_a-callocr.o) (_malloc_r)
/Users/kylewilliamson/.pico-sdk/toolchain/14_2_Rel1/bin/../lib/gcc/arm-none-eabi/14.2.1/../../../../arm-none-eabi/lib/thumb/v8-m.main+fp/softfp/libg.a(libc_a-mlock.o)
                              /Users/kylewilliamson/.pico-sdk/toolchain/14_2_Rel1/bin/../lib/gcc/arm-none-eabi/14.2.1/../../../../arm-none-eabi/lib/thumb/v8-m.main+fp/softfp/libg.a(libc_a-mallocr.o) (__malloc_lock)
/Users/kylewilliamson/.pico-sdk/toolchain/14_2_Rel1/bin/../lib/gcc/arm-none-eabi/14.2.1/../../../../arm-none-eabi/lib/thumb/v8-m.main+fp/softfp/libg.a(libc_a-realloc.o)
                              CMakeFiles/Lab4.dir/Users/kylewilliamson/.pico-sdk/sdk/2.1.1/src/rp2_common/pico_malloc/malloc.c.o (realloc)
/Users/kylewilliamson/.pico-sdk/toolchain/14_2_Rel1/bin/../lib/gcc/arm-none-eabi/14.2.1/../../../../arm-none-eabi/lib/thumb/v8-m.main+fp/softfp/libg.a(libc_a-reallocr.o)
                              /Users/kylewilliamson/.pico-sdk/toolchain/14_2_Rel1/bin/../lib/gcc/arm-none-eabi/14.2.1/../../../../arm-none-eabi/lib/thumb/v8-m.main+fp/softfp/libg.a(libc_a-realloc.o) (_realloc_r)
/Users/kylewilliamson/.pico-sdk/toolchain/14_2_Rel1/bin/../lib/gcc/arm-none-eabi/14.2.1/../../../../arm-none-eabi/lib/thumb/v8-m.main+fp/softfp/libg.a(libc_a-memcmp.o)
                              CMakeFiles/Lab4.dir/Users/kylewilliamson/.pico-sdk/sdk/2.1.1/src/rp2_common/pico_atomic/atomic.c.o (memcmp)
[...]
Memory Configuration

Name             Origin             Length             Attributes
FLASH            0x10000000         0x00400000         xr
RAM              0x20000000         0x00080000         xrw
SCRATCH_X        0x20080000         0x00001000         xrw
SCRATCH_Y        0x20081000         0x00001000         xrw
*default*        0x00000000         0xffffffff

Linker script and memory map

LOAD /Users/kylewilliamson/.pico-sdk/toolchain/14_2_Rel1/bin/../lib/gcc/arm-none-eabi/14.2.1/thumb/v8-m.main+fp/softfp/crti.o
LOAD /Users/kylewilliamson/.pico-sdk/toolchain/14_2_Rel1/bin/../lib/gcc/arm-none-eabi/14.2.1/thumb/v8-m.main+fp/softfp/crtbegin.o
LOAD /Users/kylewilliamson/.pico-sdk/toolchain/14_2_Rel1/bin/../lib/gcc/arm-none-eabi/14.2.1/../../../../arm-none-eabi/lib/thumb/v8-m.main+fp/softfp/crt0.o

.flash_begin    0x10000000        0x0
                0x10000000                        __flash_binary_start = .

.text           0x10000000     0x63d0
                0x10000000                        __logical_binary_start = .
 *(.vectors)
 .vectors       0x10000000      0x124 CMakeFiles/Lab4.dir/Users/kylewilliamson/.pico-sdk/sdk/2.1.1/src/rp2_common/pico_crt0/crt0.S.o
                0x10000000                __vectors
                0x10000000                __VECTOR_TABLE
                0x10000110                __default_isrs_start
                0x10000110                isr_invalid
                0x10000112                isr_nmi
                0x10000114                isr_hardfault
                0x10000116                isr_svcall
                0x10000118                isr_pendsv
                0x1000011a                isr_systick
                0x1000011c                isr_irq5
                0x1000011c                isr_irq11
                0x1000011c                isr_irq23
                0x1000011c                isr_irq48
                0x1000011c                isr_irq35
                0x1000011c                isr_irq18
                0x1000011c                isr_irq50
                0x1000011c                isr_irq40
                0x1000011c                isr_irq28
                0x1000011c                isr_irq19
                0x1000011c                isr_irq36
                0x1000011c                isr_irq41
                0x1000011c                isr_irq0
                0x1000011c                isr_irq6
                0x1000011c                isr_irq37
                0x1000011c                isr_irq42
                0x1000011c                isr_irq22
                0x1000011c                isr_irq17
                0x1000011c                isr_irq38
                0x1000011c                isr_irq14
                0x1000011c                isr_irq2
                0x1000011c                isr_irq10
                0x1000011c                isr_irq8
                0x1000011c                isr_irq24
                0x1000011c                isr_irq46
                0x1000011c                isr_irq1
                0x1000011c                isr_irq47
                0x1000011c                isr_irq51
                0x1000011c                isr_irq7
                0x1000011c                isr_irq21
                0x1000011c                isr_irq39
                0x1000011c                isr_irq20
                0x1000011c                isr_irq15
                0x1000011c                isr_irq25
                0x1000011c                isr_irq34
                0x1000011c                isr_irq4
                0x1000011c                isr_irq16
                0x1000011c                isr_irq44
                0x1000011c                isr_irq29
                0x1000011c                isr_irq26
                0x1000011c                __default_isrs_end
                0x1000011c                isr_irq33
                0x1000011c                isr_irq3
                0x1000011c                isr_irq9
                0x1000011c                __unhandled_user_irq
                0x1000011c                isr_irq49
                0x1000011c                isr_irq13
                0x1000011c                isr_irq43
                0x1000011c                isr_irq45
                0x1000011c                isr_irq27
                0x1000011c                isr_irq32
                0x1000011c                isr_irq31
                0x1000011c                isr_irq30
                0x1000011c                isr_irq12
                0x10000122                unhandled_user_irq_num_in_r0
 *(.binary_info_header)
 .binary_info_header
                0x10000124       0x14 CMakeFiles/Lab4.dir/Users/kylewilliamson/.pico-sdk/sdk/2.1.1/src/rp2_common/pico_crt0/crt0.S.o
                0x10000138                        __binary_info_header_end = .
 *(.embedded_block)
 .embedded_block
                0x10000138       0x14 CMakeFiles/Lab4.dir/Users/kylewilliamson/.pico-sdk/sdk/2.1.1/src/rp2_common/pico_crt0/crt0.S.o
                0x1000014c                        __embedded_block_end = .
 *(.reset)
 .reset         0x1000014c       0xa0 CMakeFiles/Lab4.dir/Users/kylewilliamson/.pico-sdk/sdk/2.1.1/src/rp2_common/pico_crt0/crt0.S.o
                0x1000014c                _entry_point
 *(.init)
 .init          0x100001ec        0x4 /Users/kylewilliamson/.pico-sdk/toolchain/14_2_Rel1/bin/../lib/gcc/arm-none-eabi/14.2.1/thumb/v8-m.main+fp/softfp/crti.o
                0x100001ec                _init
 *libgcc.a:cmse_nonsecure_call.o()
 *(EXCLUDE_FILE(*libm.a: *libc.a:*lib_a-mem*.o *libgcc.a:) .text*)
 .text.register_tm_clones
                0x100001f0       0x28 /Users/kylewilliamson/.pico-sdk/toolchain/14_2_Rel1/bin/../lib/gcc/arm-none-eabi/14.2.1/thumb/v8-m.main+fp/softfp/crtbegin.o
 .text.frame_dummy
                0x10000218       0x24 /Users/kylewilliamson/.pico-sdk/toolchain/14_2_Rel1/bin/../lib/gcc/arm-none-eabi/14.2.1/thumb/v8-m.main+fp/softfp/crtbegin.o
 .text.timer_callback
                0x1000023c       0xe4 CMakeFiles/Lab4.dir/Lab4.c.o
                0x1000023c                timer_callback
 .text.setup    0x10000320       0x5c CMakeFiles/Lab4.dir/Lab4.c.o
                0x10000320                setup
 .text.startup.main
                0x1000037c       0x64 CMakeFiles/Lab4.dir/Lab4.c.o
                0x1000037c                main
 .text.my_pwm_init
                0x100003e0      0x1b4 CMakeFiles/Lab4.dir/pwm.c.o
                0x100003e0                my_pwm_init
 .text.pwm_set_duty_cycle
                0x10000594       0x94 CMakeFiles/Lab4.dir/pwm.c.o
                0x10000594                pwm_set_duty_cycle
 .text.pwm_get_motor_slice
                0x10000628        0xc CMakeFiles/Lab4.dir/pwm.c.o
                0x10000628                pwm_get_motor_slice
 .text.pwm_get_servo_slice
                0x10000634        0xc CMakeFiles/Lab4.dir/pwm.c.o
                0x10000634                pwm_get_servo_slice
 .text.pwm_get_servo_chan
                0x10000640        0xc CMakeFiles/Lab4.dir/pwm.c.o
                0x10000640                pwm_get_servo_chan
 .text.initialize_adc
                0x1000064c       0x48 CMakeFiles/Lab4.dir/adc.c.o
                0x1000064c                initialize_adc
 .text.adc_start_continuous
                0x10000694       0x18 CMakeFiles/Lab4.dir/adc.c.o
                0x10000694                adc_start_continuous
 .text.adc_read_proximity
                0x100006ac       0x30 CMakeFiles/Lab4.dir/adc.c.o
                0x100006ac                adc_read_proximity
 .text.servo_init
                0x100006dc       0x5c CMakeFiles/Lab4.dir/servo.c.o
                0x100006dc                servo_init
 .text.servo_set_position
                0x10000738       0x60 CMakeFiles/Lab4.dir/servo.c.o
                0x10000738                servo_set_position
 .text.gpio_set_function
                0x10000798       0x3c CMakeFiles/Lab4.dir/Users/kylewilliamson/.pico-sdk/sdk/2.1.1/src/rp2_common/hardware_gpio/gpio.c.o
                0x10000798                gpio_set_function
 .text.gpio_set_pulls
                0x100007d4       0x28 CMakeFiles/Lab4.dir/Users/kylewilliamson/.pico-sdk/sdk/2.1.1/src/rp2_common/hardware_gpio/gpio.c.o
                0x100007d4                gpio_set_pulls
 .text.gpio_set_input_enabled
                0x100007fc       0x20 CMakeFiles/Lab4.dir/Users/kylewilliamson/.pico-sdk/sdk/2.1.1/src/rp2_common/hardware_gpio/gpio.c.o
                0x100007fc                gpio_set_input_enabled
 .text.panic    0x1000081c       0x30 CMakeFiles/Lab4.dir/Users/kylewilliamson/.pico-sdk/sdk/2.1.1/src/rp2_common/pico_platform_panic/panic.c.o
                0x1000081c                panic
 .text.hw_claim_or_assert
                0x1000084c       0x58 CMakeFiles/Lab4.dir/Users/kylewilliamson/.pico-sdk/sdk/2.1.1/src/common/hardware_claim/claim.c.o
                0x1000084c                hw_claim_or_assert
 .text.hw_claim_unused_from_range
                0x100008a4       0x80 CMakeFiles/Lab4.dir/Users/kylewilliamson/.pico-sdk/sdk/2.1.1/src/common/hardware_claim/claim.c.o
                0x100008a4                hw_claim_unused_from_range
 .text.next_striped_spin_lock_num
                0x10000924       0x18 CMakeFiles/Lab4.dir/Users/kylewilliamson/.pico-sdk/sdk/2.1.1/src/rp2_common/hardware_sync/sync.c.o
                0x10000924                next_striped_spin_lock_num
 .text.spin_lock_claim_unused
                0x1000093c       0x20 CMakeFiles/Lab4.dir/Users/kylewilliamson/.pico-sdk/sdk/2.1.1/src/rp2_common/hardware_sync/sync.c.o
                0x1000093c                spin_lock_claim_unused
 .text.spinlock_set_extexclall
                0x1000095c       0x10 CMakeFiles/Lab4.dir/Users/kylewilliamson/.pico-sdk/sdk/2.1.1/src/rp2_common/hardware_sync_spin_lock/sync_spin_lock.c.o
 .text.spin_locks_reset
                0x1000096c       0x18 CMakeFiles/Lab4.dir/Users/kylewilliamson/.pico-sdk/sdk/2.1.1/src/rp2_common/hardware_sync_spin_lock/sync_spin_lock.c.o
                0x1000096c                spin_locks_reset
 .text.runtime_init_per_core_irq_priorities
                0x10000984       0x40 CMakeFiles/Lab4.dir/Users/kylewilliamson/.pico-sdk/sdk/2.1.1/src/rp2_common/hardware_irq/irq.c.o
                0x10000984                runtime_init_per_core_irq_priorities
 .text.irq_set_enabled
                0x100009c4       0x2c CMakeFiles/Lab4.dir/Users/kylewilliamson/.pico-sdk/sdk/2.1.1/src/rp2_common/hardware_irq/irq.c.o
                0x100009c4                irq_set_enabled
 .text.irq_is_enabled
                0x100009f0       0x20 CMakeFiles/Lab4.dir/Users/kylewilliamson/.pico-sdk/sdk/2.1.1/src/rp2_common/hardware_irq/irq.c.o
                0x100009f0                irq_is_enabled
 .text.irq_set_pending
                0x10000a10       0x18 CMakeFiles/Lab4.dir/Users/kylewilliamson/.pico-sdk/sdk/2.1.1/src/rp2_common/hardware_irq/irq.c.o
                0x10000a10                irq_set_pending
 .text.irq_has_shared_handler
                0x10000a28       0x20 CMakeFiles/Lab4.dir/Users/kylewilliamson/.pico-sdk/sdk/2.1.1/src/rp2_common/hardware_irq/irq.c.o
                0x10000a28                irq_has_shared_handler
 .text.irq_set_exclusive_handler
                0x10000a48       0x60 CMakeFiles/Lab4.dir/Users/kylewilliamson/.pico-sdk/sdk/2.1.1/src/rp2_common/hardware_irq/irq.c.o
                0x10000a48                irq_set_exclusive_handler
 .text.irq_add_shared_handler
                0x10000aa8      0x1e8 CMakeFiles/Lab4.dir/Users/kylewilliamson/.pico-sdk/sdk/2.1.1/src/rp2_common/hardware_irq/irq.c.o
                0x10000aa8                irq_add_shared_handler
 .text.irq_add_tail_to_free_list
                0x10000c90       0xbc CMakeFiles/Lab4.dir/Users/kylewilliamson/.pico-sdk/sdk/2.1.1/src/rp2_common/hardware_irq/irq.c.o
                0x10000c90                irq_add_tail_to_free_list
 .text.user_irq_claim_unused
                0x10000d4c       0x28 CMakeFiles/Lab4.dir/Users/kylewilliamson/.pico-sdk/sdk/2.1.1/src/rp2_common/hardware_irq/irq.c.o
                0x10000d4c                user_irq_claim_unused
 .text.lock_init
                0x10000d74        0xc CMakeFiles/Lab4.dir/Users/kylewilliamson/.pico-sdk/sdk/2.1.1/src/common/pico_sync/lock_core.c.o
                0x10000d74                lock_init
 .text.runtime_init_mutex
                0x10000d80       0x4c CMakeFiles/Lab4.dir/Users/kylewilliamson/.pico-sdk/sdk/2.1.1/src/common/pico_sync/mutex.c.o
                0x10000d80                runtime_init_mutex
 .text.mutex_init
                0x10000dcc       0x1c CMakeFiles/Lab4.dir/Users/kylewilliamson/.pico-sdk/sdk/2.1.1/src/common/pico_sync/mutex.c.o
                0x10000dcc                mutex_init
 .text.critical_section_init
                0x10000de8       0x1c CMakeFiles/Lab4.dir/Users/kylewilliamson/.pico-sdk/sdk/2.1.1/src/common/pico_sync/critical_section.c.o
                0x10000de8                critical_section_init
 .text.critical_section_init_with_lock_num
                0x10000e04       0x10 CMakeFiles/Lab4.dir/Users/kylewilliamson/.pico-sdk/sdk/2.1.1/src/common/pico_sync/critical_section.c.o
                0x10000e04                critical_section_init_with_lock_num
 .text.sleep_until_callback
                0x10000e14       0x3c CMakeFiles/Lab4.dir/Users/kylewilliamson/.pico-sdk/sdk/2.1.1/src/common/pico_time/time.c.o
 .text.alarm_pool_irq_handler
                0x10000e50      0x2f0 CMakeFiles/Lab4.dir/Users/kylewilliamson/.pico-sdk/sdk/2.1.1/src/common/pico_time/time.c.o
 .text.runtime_init_default_alarm_pool
                0x10001140      0x100 CMakeFiles/Lab4.dir/Users/kylewilliamson/.pico-sdk/sdk/2.1.1/src/common/pico_time/time.c.o
                0x10001140                runtime_init_default_alarm_pool
 .text.alarm_pool_get_default
                0x10001240        0x8 CMakeFiles/Lab4.dir/Users/kylewilliamson/.pico-sdk/sdk/2.1.1/src/common/pico_time/time.c.o
                0x10001240                alarm_pool_get_default
 .text.alarm_pool_add_alarm_at
                0x10001248       0xdc CMakeFiles/Lab4.dir/Users/kylewilliamson/.pico-sdk/sdk/2.1.1/src/common/pico_time/time.c.o
                0x10001248                alarm_pool_add_alarm_at
 .text.alarm_pool_add_alarm_at_force_in_context
                0x10001324       0xc8 CMakeFiles/Lab4.dir/Users/kylewilliamson/.pico-sdk/sdk/2.1.1/src/common/pico_time/time.c.o
                0x10001324                alarm_pool_add_alarm_at_force_in_context
 .text.alarm_pool_cancel_alarm
                0x100013ec       0x80 CMakeFiles/Lab4.dir/Users/kylewilliamson/.pico-sdk/sdk/2.1.1/src/common/pico_time/time.c.o
                0x100013ec                alarm_pool_cancel_alarm
 .text.alarm_pool_core_num
                0x1000146c        0x4 CMakeFiles/Lab4.dir/Users/kylewilliamson/.pico-sdk/sdk/2.1.1/src/common/pico_time/time.c.o
                0x1000146c                alarm_pool_core_num
 .text.sleep_ms
                0x10001470       0xdc CMakeFiles/Lab4.dir/Users/kylewilliamson/.pico-sdk/sdk/2.1.1/src/common/pico_time/time.c.o
                0x10001470                sleep_ms
 .text.best_effort_wfe_or_timeout
                0x1000154c       0xd4 CMakeFiles/Lab4.dir/Users/kylewilliamson/.pico-sdk/sdk/2.1.1/src/common/pico_time/time.c.o
                0x1000154c                best_effort_wfe_or_timeout
 .text.alarm_pool_add_repeating_timer_us
                0x10001620      0x120 CMakeFiles/Lab4.dir/Users/kylewilliamson/.pico-sdk/sdk/2.1.1/src/common/pico_time/time.c.o
                0x10001620                alarm_pool_add_repeating_timer_us
 .text.timer_hardware_alarm_claim
                0x10001740       0x24 CMakeFiles/Lab4.dir/Users/kylewilliamson/.pico-sdk/sdk/2.1.1/src/rp2_common/hardware_timer/timer.c.o
                0x10001740                timer_hardware_alarm_claim
 .text.timer_time_us_64
                0x10001764       0x10 CMakeFiles/Lab4.dir/Users/kylewilliamson/.pico-sdk/sdk/2.1.1/src/rp2_common/hardware_timer/timer.c.o
                0x10001764                timer_time_us_64
 .text.time_us_64
                0x10001774       0x14 CMakeFiles/Lab4.dir/Users/kylewilliamson/.pico-sdk/sdk/2.1.1/src/rp2_common/hardware_timer/timer.c.o
                0x10001774                time_us_64
 .text.busy_wait_until
                0x10001788       0x24 CMakeFiles/Lab4.dir/Users/kylewilliamson/.pico-sdk/sdk/2.1.1/src/rp2_common/hardware_timer/timer.c.o
                0x10001788                busy_wait_until
 .text.clock_configure_undivided
                0x100017ac       0xd0 CMakeFiles/Lab4.dir/Users/kylewilliamson/.pico-sdk/sdk/2.1.1/src/rp2_common/hardware_clocks/clocks.c.o
                0x100017ac                clock_configure_undivided
 .text.clock_get_hz
                0x1000187c        0xc CMakeFiles/Lab4.dir/Users/kylewilliamson/.pico-sdk/sdk/2.1.1/src/rp2_common/hardware_clocks/clocks.c.o
                0x1000187c                clock_get_hz
 .text.pll_init
                0x10001888       0x8c CMakeFiles/Lab4.dir/Users/kylewilliamson/.pico-sdk/sdk/2.1.1/src/rp2_common/hardware_pll/pll.c.o
                0x10001888                pll_init
 .text.watchdog_reboot
                0x10001914       0x98 CMakeFiles/Lab4.dir/Users/kylewilliamson/.pico-sdk/sdk/2.1.1/src/rp2_common/hardware_watchdog/watchdog.c.o
                0x10001914                watchdog_reboot
 .text.tick_start
                0x100019ac       0x18 CMakeFiles/Lab4.dir/Users/kylewilliamson/.pico-sdk/sdk/2.1.1/src/rp2_common/hardware_ticks/ticks.c.o
                0x100019ac                tick_start
 .text.rom_reboot.constprop.0.isra.0
                0x100019c4       0x34 CMakeFiles/Lab4.dir/Users/kylewilliamson/.pico-sdk/sdk/2.1.1/src/rp2_common/pico_bootrom/bootrom.c.o
 .text.rom_func_lookup
                0x100019f8       0x18 CMakeFiles/Lab4.dir/Users/kylewilliamson/.pico-sdk/sdk/2.1.1/src/rp2_common/pico_bootrom/bootrom.c.o
                0x100019f8                rom_func_lookup
 .text.rom_reset_usb_boot_extra
                0x10001a10       0x1c CMakeFiles/Lab4.dir/Users/kylewilliamson/.pico-sdk/sdk/2.1.1/src/rp2_common/pico_bootrom/bootrom.c.o
                0x10001a10                rom_reset_usb_boot_extra
 .text.runtime_init_bootrom_locking_enable
                0x10001a2c       0x14 CMakeFiles/Lab4.dir/Users/kylewilliamson/.pico-sdk/sdk/2.1.1/src/rp2_common/pico_bootrom/bootrom_lock.c.o
                0x10001a2c                runtime_init_bootrom_locking_enable
 .text.runtime_init_boot_locks_reset
                0x10001a40       0x1c CMakeFiles/Lab4.dir/Users/kylewilliamson/.pico-sdk/sdk/2.1.1/src/rp2_common/hardware_boot_lock/boot_lock.c.o
                0x10001a40                runtime_init_boot_locks_reset
 .text.xosc_init
                0x10001a5c       0x30 CMakeFiles/Lab4.dir/Users/kylewilliamson/.pico-sdk/sdk/2.1.1/src/rp2_common/hardware_xosc/xosc.c.o
                0x10001a5c                xosc_init
 .text.first_per_core_initializer
                0x10001a8c        0x4 CMakeFiles/Lab4.dir/Users/kylewilliamson/.pico-sdk/sdk/2.1.1/src/rp2_common/pico_runtime/runtime.c.o
 .text.hard_assertion_failure
                0x10001a90        0xc CMakeFiles/Lab4.dir/Users/kylewilliamson/.pico-sdk/sdk/2.1.1/src/rp2_common/pico_runtime/runtime.c.o
                0x10001a90                hard_assertion_failure
 .text.runtime_run_initializers
                0x10001a9c       0x20 CMakeFiles/Lab4.dir/Users/kylewilliamson/.pico-sdk/sdk/2.1.1/src/rp2_common/pico_runtime/runtime.c.o
                0x10001a9c                runtime_run_initializers
 .text.runtime_init_early_resets
                0x10001abc       0x34 CMakeFiles/Lab4.dir/Users/kylewilliamson/.pico-sdk/sdk/2.1.1/src/rp2_common/pico_runtime_init/runtime_init.c.o
                0x10001abc                runtime_init_early_resets
 .text.runtime_init_usb_power_down
                0x10001af0       0x1c CMakeFiles/Lab4.dir/Users/kylewilliamson/.pico-sdk/sdk/2.1.1/src/rp2_common/pico_runtime_init/runtime_init.c.o
                0x10001af0                runtime_init_usb_power_down
 .text.runtime_init_per_core_enable_coprocessors
                0x10001b0c       0x1c CMakeFiles/Lab4.dir/Users/kylewilliamson/.pico-sdk/sdk/2.1.1/src/rp2_common/pico_runtime_init/runtime_init.c.o
                0x10001b0c                runtime_init_per_core_enable_coprocessors
 .text.runtime_init_post_clock_resets
                0x10001b28       0x20 CMakeFiles/Lab4.dir/Users/kylewilliamson/.pico-sdk/sdk/2.1.1/src/rp2_common/pico_runtime_init/runtime_init.c.o
                0x10001b28                runtime_init_post_clock_resets
 .text.runtime_init_bootrom_reset
                0x10001b48       0x14 CMakeFiles/Lab4.dir/Users/kylewilliamson/.pico-sdk/sdk/2.1.1/src/rp2_common/pico_runtime_init/runtime_init.c.o
                0x10001b48                runtime_init_bootrom_reset
 .text.runtime_init_per_core_bootrom_reset
                0x10001b5c       0x14 CMakeFiles/Lab4.dir/Users/kylewilliamson/.pico-sdk/sdk/2.1.1/src/rp2_common/pico_runtime_init/runtime_init.c.o
                0x10001b5c                runtime_init_per_core_bootrom_reset
 .text.runtime_init_spin_locks_reset
                0x10001b70        0x4 CMakeFiles/Lab4.dir/Users/kylewilliamson/.pico-sdk/sdk/2.1.1/src/rp2_common/pico_runtime_init/runtime_init.c.o
                0x10001b70                runtime_init_spin_locks_reset
 .text.runtime_init_install_ram_vector_table
                0x10001b74       0x20 CMakeFiles/Lab4.dir/Users/kylewilliamson/.pico-sdk/sdk/2.1.1/src/rp2_common/pico_runtime_init/runtime_init.c.o
                0x10001b74                runtime_init_install_ram_vector_table
 .text.runtime_init_clocks
                0x10001b94       0xdc CMakeFiles/Lab4.dir/Users/kylewilliamson/.pico-sdk/sdk/2.1.1/src/rp2_common/pico_runtime_init/runtime_init_clocks.c.o
                0x10001b94                runtime_init_clocks
 .text.__rp2350_dcp_engaged_state_save_restore
                0x10001c70       0x3a CMakeFiles/Lab4.dir/Users/kylewilliamson/.pico-sdk/sdk/2.1.1/src/rp2_common/pico_double/double_aeabi_dcp.S.o
 *fill*         0x10001caa        0x2 
 .text.__wrap___aeabi_dadd
                0x10001cac       0x28 CMakeFiles/Lab4.dir/Users/kylewilliamson/.pico-sdk/sdk/2.1.1/src/rp2_common/pico_double/double_aeabi_dcp.S.o
                0x10001cb4                __wrap___aeabi_dadd
 .text.__wrap___aeabi_dsub
                0x10001cd4       0x28 CMakeFiles/Lab4.dir/Users/kylewilliamson/.pico-sdk/sdk/2.1.1/src/rp2_common/pico_double/double_aeabi_dcp.S.o
                0x10001cdc                __wrap___aeabi_dsub
 .text.__wrap___aeabi_dmul
                0x10001cfc       0x4c CMakeFiles/Lab4.dir/Users/kylewilliamson/.pico-sdk/sdk/2.1.1/src/rp2_common/pico_double/double_aeabi_dcp.S.o
                0x10001d04                __wrap___aeabi_dmul
 .text.__wrap___aeabi_ddiv
                0x10001d48       0x9c CMakeFiles/Lab4.dir/Users/kylewilliamson/.pico-sdk/sdk/2.1.1/src/rp2_common/pico_double/double_aeabi_dcp.S.o
                0x10001d50                __wrap___aeabi_ddiv
 .text.__wrap___aeabi_i2d
                0x10001de4       0x24 CMakeFiles/Lab4.dir/Users/kylewilliamson/.pico-sdk/sdk/2.1.1/src/rp2_common/pico_double/double_aeabi_dcp.S.o
                0x10001dec                __wrap___aeabi_i2d
                0x10001dec                int2double
 .text.__wrap___aeabi_ui2d
                0x10001e08       0x24 CMakeFiles/Lab4.dir/Users/kylewilliamson/.pico-sdk/sdk/2.1.1/src/rp2_common/pico_double/double_aeabi_dcp.S.o
                0x10001e10                __wrap___aeabi_ui2d
                0x10001e10                uint2double
 .text.__wrap___aeabi_d2iz
                0x10001e2c       0x24 CMakeFiles/Lab4.dir/Users/kylewilliamson/.pico-sdk/sdk/2.1.1/src/rp2_common/pico_double/double_aeabi_dcp.S.o
                0x10001e34                __wrap___aeabi_d2iz
                0x10001e34                double2int_z
 .text.__wrap___aeabi_d2uiz
                0x10001e50       0x24 CMakeFiles/Lab4.dir/Users/kylewilliamson/.pico-sdk/sdk/2.1.1/src/rp2_common/pico_double/double_aeabi_dcp.S.o
                0x10001e58                double2uint_z
                0x10001e58                double2uint
                0x10001e58                __wrap___aeabi_d2uiz
 .text.__wrap___aeabi_dcmpun
                0x10001e74       0x24 CMakeFiles/Lab4.dir/Users/kylewilliamson/.pico-sdk/sdk/2.1.1/src/rp2_common/pico_double/double_aeabi_dcp.S.o
                0x10001e7c                __wrap___aeabi_dcmpun
 .text.__wrap___aeabi_dcmplt
                0x10001e98       0x28 CMakeFiles/Lab4.dir/Users/kylewilliamson/.pico-sdk/sdk/2.1.1/src/rp2_common/pico_double/double_aeabi_dcp.S.o
                0x10001ea0                __wrap___aeabi_dcmplt
 .text.__wrap___aeabi_dcmple
                0x10001ec0       0x28 CMakeFiles/Lab4.dir/Users/kylewilliamson/.pico-sdk/sdk/2.1.1/src/rp2_common/pico_double/double_aeabi_dcp.S.o
                0x10001ec8                __wrap___aeabi_dcmple
 .text.__wrap___aeabi_dcmpge
                0x10001ee8       0x28 CMakeFiles/Lab4.dir/Users/kylewilliamson/.pico-sdk/sdk/2.1.1/src/rp2_common/pico_double/double_aeabi_dcp.S.o
                0x10001ef0                __wrap___aeabi_dcmpge
 .text.__wrap___aeabi_dcmpgt
                0x10001f10       0x28 CMakeFiles/Lab4.dir/Users/kylewilliamson/.pico-sdk/sdk/2.1.1/src/rp2_common/pico_double/double_aeabi_dcp.S.o
                0x10001f18                __wrap___aeabi_dcmpgt
 .text._out_null
                0x10001f38        0x4 CMakeFiles/Lab4.dir/Users/kylewilliamson/.pico-sdk/sdk/2.1.1/src/rp2_common/pico_printf/printf.c.o
 .text._out_rev
                0x10001f3c       0x9c CMakeFiles/Lab4.dir/Users/kylewilliamson/.pico-sdk/sdk/2.1.1/src/rp2_common/pico_printf/printf.c.o
 .text._ntoa_format
                0x10001fd8      0x1d4 CMakeFiles/Lab4.dir/Users/kylewilliamson/.pico-sdk/sdk/2.1.1/src/rp2_common/pico_printf/printf.c.o
 .text._out_char
                0x100021ac        0x8 CMakeFiles/Lab4.dir/Users/kylewilliamson/.pico-sdk/sdk/2.1.1/src/rp2_common/pico_printf/printf.c.o
 .text._out_fct
                0x100021b4        0xc CMakeFiles/Lab4.dir/Users/kylewilliamson/.pico-sdk/sdk/2.1.1/src/rp2_common/pico_printf/printf.c.o
 .text._ftoa    0x100021c0      0x4bc CMakeFiles/Lab4.dir/Users/kylewilliamson/.pico-sdk/sdk/2.1.1/src/rp2_common/pico_printf/printf.c.o
 *fill*         0x1000267c        0x4 
 .text._etoa    0x10002680      0x574 CMakeFiles/Lab4.dir/Users/kylewilliamson/.pico-sdk/sdk/2.1.1/src/rp2_common/pico_printf/printf.c.o
 .text._vsnprintf
                0x10002bf4      0x9e4 CMakeFiles/Lab4.dir/Users/kylewilliamson/.pico-sdk/sdk/2.1.1/src/rp2_common/pico_printf/printf.c.o
 .text.vfctprintf
                0x100035d8       0x28 CMakeFiles/Lab4.dir/Users/kylewilliamson/.pico-sdk/sdk/2.1.1/src/rp2_common/pico_printf/printf.c.o
                0x100035d8                vfctprintf
 .text.weak_raw_vprintf
                0x10003600       0x30 CMakeFiles/Lab4.dir/Users/kylewilliamson/.pico-sdk/sdk/2.1.1/src/rp2_common/pico_printf/printf.c.o
                0x10003600                weak_raw_vprintf
 .text._exit    0x10003630        0x4 CMakeFiles/Lab4.dir/Users/kylewilliamson/.pico-sdk/sdk/2.1.1/src/rp2_common/pico_clib_interface/newlib_interface.c.o
                0x10003630                _exit
 .text.exit     0x10003634        0x8 CMakeFiles/Lab4.dir/Users/kylewilliamson/.pico-sdk/sdk/2.1.1/src/rp2_common/pico_clib_interface/newlib_interface.c.o
                0x10003634                exit
 .text.runtime_init
                0x1000363c       0x24 CMakeFiles/Lab4.dir/Users/kylewilliamson/.pico-sdk/sdk/2.1.1/src/rp2_common/pico_clib_interface/newlib_interface.c.o
                0x1000363c                runtime_init
 .text.stdio_out_chars_no_crlf
                0x10003660        0x8 CMakeFiles/Lab4.dir/Users/kylewilliamson/.pico-sdk/sdk/2.1.1/src/rp2_common/pico_stdio/stdio.c.o
 .text.stdio_out_chars_crlf
                0x10003668       0xb0 CMakeFiles/Lab4.dir/Users/kylewilliamson/.pico-sdk/sdk/2.1.1/src/rp2_common/pico_stdio/stdio.c.o
 .text.stdio_buffered_printer
                0x10003718       0x60 CMakeFiles/Lab4.dir/Users/kylewilliamson/.pico-sdk/sdk/2.1.1/src/rp2_common/pico_stdio/stdio.c.o
 .text.stdio_put_string
                0x10003778       0xec CMakeFiles/Lab4.dir/Users/kylewilliamson/.pico-sdk/sdk/2.1.1/src/rp2_common/pico_stdio/stdio.c.o
                0x10003778                stdio_put_string
 .text.stdio_set_driver_enabled
                0x10003864       0x28 CMakeFiles/Lab4.dir/Users/kylewilliamson/.pico-sdk/sdk/2.1.1/src/rp2_common/pico_stdio/stdio.c.o
                0x10003864                stdio_set_driver_enabled
 .text.stdio_init_all
                0x1000388c        0x4 CMakeFiles/Lab4.dir/Users/kylewilliamson/.pico-sdk/sdk/2.1.1/src/rp2_common/pico_stdio/stdio.c.o
                0x1000388c                stdio_init_all
 .text.__wrap_putchar
                0x10003890       0x84 CMakeFiles/Lab4.dir/Users/kylewilliamson/.pico-sdk/sdk/2.1.1/src/rp2_common/pico_stdio/stdio.c.o
                0x10003890                stdio_putchar
                0x10003890                __wrap_putchar
 .text.__wrap_puts
                0x10003914       0x3c CMakeFiles/Lab4.dir/Users/kylewilliamson/.pico-sdk/sdk/2.1.1/src/rp2_common/pico_stdio/stdio.c.o
                0x10003914                __wrap_puts
                0x10003914                stdio_puts
 .text.__wrap_vprintf
                0x10003950       0xc4 CMakeFiles/Lab4.dir/Users/kylewilliamson/.pico-sdk/sdk/2.1.1/src/rp2_common/pico_stdio/stdio.c.o
                0x10003950                __wrap_vprintf
                0x10003950                stdio_vprintf
 .text.__wrap_printf
                0x10003a14       0x1c CMakeFiles/Lab4.dir/Users/kylewilliamson/.pico-sdk/sdk/2.1.1/src/rp2_common/pico_stdio/stdio.c.o
                0x10003a14                stdio_printf
                0x10003a14                __wrap_printf
 .text.resetd_init
                0x10003a30        0x4 CMakeFiles/Lab4.dir/Users/kylewilliamson/.pico-sdk/sdk/2.1.1/src/rp2_common/pico_stdio_usb/reset_interface.c.o
 .text.resetd_reset
                0x10003a34        0xc CMakeFiles/Lab4.dir/Users/kylewilliamson/.pico-sdk/sdk/2.1.1/src/rp2_common/pico_stdio_usb/reset_interface.c.o
 .text.resetd_open
                0x10003a40       0x28 CMakeFiles/Lab4.dir/Users/kylewilliamson/.pico-sdk/sdk/2.1.1/src/rp2_common/pico_stdio_usb/reset_interface.c.o
 .text.resetd_xfer_cb
                0x10003a68        0x4 CMakeFiles/Lab4.dir/Users/kylewilliamson/.pico-sdk/sdk/2.1.1/src/rp2_common/pico_stdio_usb/reset_interface.c.o
 .text.resetd_control_xfer_cb
                0x10003a6c       0x50 CMakeFiles/Lab4.dir/Users/kylewilliamson/.pico-sdk/sdk/2.1.1/src/rp2_common/pico_stdio_usb/reset_interface.c.o
 .text.tud_descriptor_bos_cb
                0x10003abc        0x8 CMakeFiles/Lab4.dir/Users/kylewilliamson/.pico-sdk/sdk/2.1.1/src/rp2_common/pico_stdio_usb/reset_interface.c.o
                0x10003abc                tud_descriptor_bos_cb
 .text.tud_vendor_control_xfer_cb
                0x10003ac4       0x28 CMakeFiles/Lab4.dir/Users/kylewilliamson/.pico-sdk/sdk/2.1.1/src/rp2_common/pico_stdio_usb/reset_interface.c.o
                0x10003ac4                tud_vendor_control_xfer_cb
 .text.usbd_app_driver_get_cb
                0x10003aec       0x10 CMakeFiles/Lab4.dir/Users/kylewilliamson/.pico-sdk/sdk/2.1.1/src/rp2_common/pico_stdio_usb/reset_interface.c.o
                0x10003aec                usbd_app_driver_get_cb
 .text.tud_cdc_line_coding_cb
                0x10003afc       0x18 CMakeFiles/Lab4.dir/Users/kylewilliamson/.pico-sdk/sdk/2.1.1/src/rp2_common/pico_stdio_usb/reset_interface.c.o
                0x10003afc                tud_cdc_line_coding_cb
 .text.stdio_usb_set_chars_available_callback
                0x10003b14       0x14 CMakeFiles/Lab4.dir/Users/kylewilliamson/.pico-sdk/sdk/2.1.1/src/rp2_common/pico_stdio_usb/stdio_usb.c.o
                0x10003b14                stdio_usb_set_chars_available_callback
 .text.timer_task
                0x10003b28       0x70 CMakeFiles/Lab4.dir/Users/kylewilliamson/.pico-sdk/sdk/2.1.1/src/rp2_common/pico_stdio_usb/stdio_usb.c.o
 .text.usb_irq  0x10003b98        0xc CMakeFiles/Lab4.dir/Users/kylewilliamson/.pico-sdk/sdk/2.1.1/src/rp2_common/pico_stdio_usb/stdio_usb.c.o
 .text.stdio_usb_in_chars
                0x10003ba4       0x88 CMakeFiles/Lab4.dir/Users/kylewilliamson/.pico-sdk/sdk/2.1.1/src/rp2_common/pico_stdio_usb/stdio_usb.c.o
                0x10003ba4                stdio_usb_in_chars
 .text.stdio_usb_out_flush
                0x10003c2c       0x54 CMakeFiles/Lab4.dir/Users/kylewilliamson/.pico-sdk/sdk/2.1.1/src/rp2_common/pico_stdio_usb/stdio_usb.c.o
 .text.stdio_usb_out_chars
                0x10003c80       0xf4 CMakeFiles/Lab4.dir/Users/kylewilliamson/.pico-sdk/sdk/2.1.1/src/rp2_common/pico_stdio_usb/stdio_usb.c.o
 .text.low_priority_worker_irq
                0x10003d74       0xd8 CMakeFiles/Lab4.dir/Users/kylewilliamson/.pico-sdk/sdk/2.1.1/src/rp2_common/pico_stdio_usb/stdio_usb.c.o
 .text.stdio_usb_init
                0x10003e4c       0xe8 CMakeFiles/Lab4.dir/Users/kylewilliamson/.pico-sdk/sdk/2.1.1/src/rp2_common/pico_stdio_usb/stdio_usb.c.o
                0x10003e4c                stdio_usb_init
 .text.tud_descriptor_device_cb
                0x10003f34        0x8 CMakeFiles/Lab4.dir/Users/kylewilliamson/.pico-sdk/sdk/2.1.1/src/rp2_common/pico_stdio_usb/stdio_usb_descriptors.c.o
                0x10003f34                tud_descriptor_device_cb
 .text.tud_descriptor_configuration_cb
                0x10003f3c        0x8 CMakeFiles/Lab4.dir/Users/kylewilliamson/.pico-sdk/sdk/2.1.1/src/rp2_common/pico_stdio_usb/stdio_usb_descriptors.c.o
                0x10003f3c                tud_descriptor_configuration_cb
 .text.tud_descriptor_string_cb
                0x10003f44       0x70 CMakeFiles/Lab4.dir/Users/kylewilliamson/.pico-sdk/sdk/2.1.1/src/rp2_common/pico_stdio_usb/stdio_usb_descriptors.c.o
                0x10003f44                tud_descriptor_string_cb
 .text.startup._retrieve_unique_id_on_boot
                0x10003fb4       0x30 CMakeFiles/Lab4.dir/Users/kylewilliamson/.pico-sdk/sdk/2.1.1/src/rp2_common/pico_unique_id/unique_id.c.o
 .text.pico_get_unique_board_id_string
                0x10003fe4      0x184 CMakeFiles/Lab4.dir/Users/kylewilliamson/.pico-sdk/sdk/2.1.1/src/rp2_common/pico_unique_id/unique_id.c.o
                0x10003fe4                pico_get_unique_board_id_string
 .text.dcd_init
                0x10004168       0x8c CMakeFiles/Lab4.dir/Users/kylewilliamson/.pico-sdk/sdk/2.1.1/lib/tinyusb/src/portable/raspberrypi/rp2040/dcd_rp2040.c.o
                0x10004168                dcd_init
 .text.dcd_int_enable
                0x100041f4        0x8 CMakeFiles/Lab4.dir/Users/kylewilliamson/.pico-sdk/sdk/2.1.1/lib/tinyusb/src/portable/raspberrypi/rp2040/dcd_rp2040.c.o
                0x100041f4                dcd_int_enable
 .text.dcd_set_address
                0x100041fc       0x10 CMakeFiles/Lab4.dir/Users/kylewilliamson/.pico-sdk/sdk/2.1.1/lib/tinyusb/src/portable/raspberrypi/rp2040/dcd_rp2040.c.o
                0x100041fc                dcd_set_address
 .text.dcd_sof_enable
                0x1000420c       0x1c CMakeFiles/Lab4.dir/Users/kylewilliamson/.pico-sdk/sdk/2.1.1/lib/tinyusb/src/portable/raspberrypi/rp2040/dcd_rp2040.c.o
                0x1000420c                dcd_sof_enable
 .text.dcd_edpt0_status_complete
                0x10004228       0x1c CMakeFiles/Lab4.dir/Users/kylewilliamson/.pico-sdk/sdk/2.1.1/lib/tinyusb/src/portable/raspberrypi/rp2040/dcd_rp2040.c.o
                0x10004228                dcd_edpt0_status_complete
 .text.dcd_edpt_open
                0x10004244      0x104 CMakeFiles/Lab4.dir/Users/kylewilliamson/.pico-sdk/sdk/2.1.1/lib/tinyusb/src/portable/raspberrypi/rp2040/dcd_rp2040.c.o
                0x10004244                dcd_edpt_open
 .text.dcd_edpt_close_all
                0x10004348        0x4 CMakeFiles/Lab4.dir/Users/kylewilliamson/.pico-sdk/sdk/2.1.1/lib/tinyusb/src/portable/raspberrypi/rp2040/dcd_rp2040.c.o
                0x10004348                dcd_edpt_close_all
 .text.dcd_edpt_xfer
                0x1000434c       0x28 CMakeFiles/Lab4.dir/Users/kylewilliamson/.pico-sdk/sdk/2.1.1/lib/tinyusb/src/portable/raspberrypi/rp2040/dcd_rp2040.c.o
                0x1000434c                dcd_edpt_xfer
 .text.dcd_edpt_stall
                0x10004374       0x30 CMakeFiles/Lab4.dir/Users/kylewilliamson/.pico-sdk/sdk/2.1.1/lib/tinyusb/src/portable/raspberrypi/rp2040/dcd_rp2040.c.o
                0x10004374                dcd_edpt_stall
 .text.dcd_edpt_clear_stall
                0x100043a4       0x24 CMakeFiles/Lab4.dir/Users/kylewilliamson/.pico-sdk/sdk/2.1.1/lib/tinyusb/src/portable/raspberrypi/rp2040/dcd_rp2040.c.o
                0x100043a4                dcd_edpt_clear_stall
 .text.rp2040_usb_init
                0x100043c8       0x40 CMakeFiles/Lab4.dir/Users/kylewilliamson/.pico-sdk/sdk/2.1.1/lib/tinyusb/src/portable/raspberrypi/rp2040/rp2040_usb.c.o
                0x100043c8                rp2040_usb_init
 .text.hw_endpoint_xfer_start
                0x10004408       0x40 CMakeFiles/Lab4.dir/Users/kylewilliamson/.pico-sdk/sdk/2.1.1/lib/tinyusb/src/portable/raspberrypi/rp2040/rp2040_usb.c.o
                0x10004408                hw_endpoint_xfer_start
 .text.configuration_reset
                0x10004448       0x8c CMakeFiles/Lab4.dir/Users/kylewilliamson/.pico-sdk/sdk/2.1.1/lib/tinyusb/src/device/usbd.c.o
 .text.tud_event_hook_cb
                0x100044d4        0x4 CMakeFiles/Lab4.dir/Users/kylewilliamson/.pico-sdk/sdk/2.1.1/lib/tinyusb/src/device/usbd.c.o
                0x100044d4                tud_event_hook_cb
 .text.tud_sof_cb
                0x100044d8        0x4 CMakeFiles/Lab4.dir/Users/kylewilliamson/.pico-sdk/sdk/2.1.1/lib/tinyusb/src/device/usbd.c.o
                0x100044d8                tud_sof_cb
 .text.tud_descriptor_device_qualifier_cb
                0x100044dc        0x4 CMakeFiles/Lab4.dir/Users/kylewilliamson/.pico-sdk/sdk/2.1.1/lib/tinyusb/src/device/usbd.c.o
                0x100044dc                tud_descriptor_device_qualifier_cb
 .text.tud_descriptor_other_speed_configuration_cb
                0x100044e0        0x4 CMakeFiles/Lab4.dir/Users/kylewilliamson/.pico-sdk/sdk/2.1.1/lib/tinyusb/src/device/usbd.c.o
                0x100044e0                tud_descriptor_other_speed_configuration_cb
 .text.tud_mount_cb
                0x100044e4        0x4 CMakeFiles/Lab4.dir/Users/kylewilliamson/.pico-sdk/sdk/2.1.1/lib/tinyusb/src/device/usbd.c.o
                0x100044e4                tud_mount_cb
 .text.tud_umount_cb
                0x100044e8        0x4 CMakeFiles/Lab4.dir/Users/kylewilliamson/.pico-sdk/sdk/2.1.1/lib/tinyusb/src/device/usbd.c.o
                0x100044e8                tud_umount_cb
 .text.tud_suspend_cb
                0x100044ec        0x4 CMakeFiles/Lab4.dir/Users/kylewilliamson/.pico-sdk/sdk/2.1.1/lib/tinyusb/src/device/usbd.c.o
                0x100044ec                tud_suspend_cb
 .text.tud_resume_cb
                0x100044f0        0x4 CMakeFiles/Lab4.dir/Users/kylewilliamson/.pico-sdk/sdk/2.1.1/lib/tinyusb/src/device/usbd.c.o
                0x100044f0                tud_resume_cb
 .text.tud_mounted
                0x100044f4       0x10 CMakeFiles/Lab4.dir/Users/kylewilliamson/.pico-sdk/sdk/2.1.1/lib/tinyusb/src/device/usbd.c.o
                0x100044f4                tud_mounted
 .text.tud_suspended
                0x10004504       0x10 CMakeFiles/Lab4.dir/Users/kylewilliamson/.pico-sdk/sdk/2.1.1/lib/tinyusb/src/device/usbd.c.o
                0x10004504                tud_suspended
 .text.tud_rhport_init
                0x10004514       0xf4 CMakeFiles/Lab4.dir/Users/kylewilliamson/.pico-sdk/sdk/2.1.1/lib/tinyusb/src/device/usbd.c.o
                0x10004514                tud_rhport_init
 .text.tud_task_ext
                0x10004608      0x784 CMakeFiles/Lab4.dir/Users/kylewilliamson/.pico-sdk/sdk/2.1.1/lib/tinyusb/src/device/usbd.c.o
                0x10004608                tud_task_ext
 .text.usbd_open_edpt_pair
                0x10004d8c       0x9c CMakeFiles/Lab4.dir/Users/kylewilliamson/.pico-sdk/sdk/2.1.1/lib/tinyusb/src/device/usbd.c.o
                0x10004d8c                usbd_open_edpt_pair
 .text.usbd_edpt_open
                0x10004e28       0x44 CMakeFiles/Lab4.dir/Users/kylewilliamson/.pico-sdk/sdk/2.1.1/lib/tinyusb/src/device/usbd.c.o
                0x10004e28                usbd_edpt_open
 .text.usbd_edpt_claim
                0x10004e6c       0x24 CMakeFiles/Lab4.dir/Users/kylewilliamson/.pico-sdk/sdk/2.1.1/lib/tinyusb/src/device/usbd.c.o
                0x10004e6c                usbd_edpt_claim
 .text.usbd_edpt_release
                0x10004e90       0x24 CMakeFiles/Lab4.dir/Users/kylewilliamson/.pico-sdk/sdk/2.1.1/lib/tinyusb/src/device/usbd.c.o
                0x10004e90                usbd_edpt_release
 .text.usbd_edpt_xfer
                0x10004eb4       0x70 CMakeFiles/Lab4.dir/Users/kylewilliamson/.pico-sdk/sdk/2.1.1/lib/tinyusb/src/device/usbd.c.o
                0x10004eb4                usbd_edpt_xfer
 .text.tud_control_status
                0x10004f24       0x34 CMakeFiles/Lab4.dir/Users/kylewilliamson/.pico-sdk/sdk/2.1.1/lib/tinyusb/src/device/usbd_control.c.o
                0x10004f24                tud_control_status
 .text.tud_control_xfer
                0x10004f58       0xb0 CMakeFiles/Lab4.dir/Users/kylewilliamson/.pico-sdk/sdk/2.1.1/lib/tinyusb/src/device/usbd_control.c.o
                0x10004f58                tud_control_xfer
 .text.usbd_control_reset
                0x10005008       0x14 CMakeFiles/Lab4.dir/Users/kylewilliamson/.pico-sdk/sdk/2.1.1/lib/tinyusb/src/device/usbd_control.c.o
                0x10005008                usbd_control_reset
 .text.usbd_control_set_complete_callback
                0x1000501c        0xc CMakeFiles/Lab4.dir/Users/kylewilliamson/.pico-sdk/sdk/2.1.1/lib/tinyusb/src/device/usbd_control.c.o
                0x1000501c                usbd_control_set_complete_callback
 .text.usbd_control_set_request
                0x10005028       0x1c CMakeFiles/Lab4.dir/Users/kylewilliamson/.pico-sdk/sdk/2.1.1/lib/tinyusb/src/device/usbd_control.c.o
                0x10005028                usbd_control_set_request
 .text.usbd_control_xfer_cb
                0x10005044      0x100 CMakeFiles/Lab4.dir/Users/kylewilliamson/.pico-sdk/sdk/2.1.1/lib/tinyusb/src/device/usbd_control.c.o
                0x10005044                usbd_control_xfer_cb
 .text._prep_out_transaction.isra.0
                0x10005144       0x74 CMakeFiles/Lab4.dir/Users/kylewilliamson/.pico-sdk/sdk/2.1.1/lib/tinyusb/src/class/cdc/cdc_device.c.o
 .text.tud_cdc_n_connected
                0x100051b8       0x2c CMakeFiles/Lab4.dir/Users/kylewilliamson/.pico-sdk/sdk/2.1.1/lib/tinyusb/src/class/cdc/cdc_device.c.o
                0x100051b8                tud_cdc_n_connected
 .text.tud_cdc_n_available
                0x100051e4       0x14 CMakeFiles/Lab4.dir/Users/kylewilliamson/.pico-sdk/sdk/2.1.1/lib/tinyusb/src/class/cdc/cdc_device.c.o
                0x100051e4                tud_cdc_n_available
 .text.tud_cdc_n_read
                0x100051f8       0x90 CMakeFiles/Lab4.dir/Users/kylewilliamson/.pico-sdk/sdk/2.1.1/lib/tinyusb/src/class/cdc/cdc_device.c.o
                0x100051f8                tud_cdc_n_read
 .text.tud_cdc_n_write_flush
                0x10005288       0x8c CMakeFiles/Lab4.dir/Users/kylewilliamson/.pico-sdk/sdk/2.1.1/lib/tinyusb/src/class/cdc/cdc_device.c.o
                0x10005288                tud_cdc_n_write_flush
 .text.tud_cdc_n_write
                0x10005314       0x40 CMakeFiles/Lab4.dir/Users/kylewilliamson/.pico-sdk/sdk/2.1.1/lib/tinyusb/src/class/cdc/cdc_device.c.o
                0x10005314                tud_cdc_n_write
 .text.tud_cdc_n_write_available
                0x10005354       0x14 CMakeFiles/Lab4.dir/Users/kylewilliamson/.pico-sdk/sdk/2.1.1/lib/tinyusb/src/class/cdc/cdc_device.c.o
                0x10005354                tud_cdc_n_write_available
 .text.cdcd_init
                0x10005368       0x70 CMakeFiles/Lab4.dir/Users/kylewilliamson/.pico-sdk/sdk/2.1.1/lib/tinyusb/src/class/cdc/cdc_device.c.o
                0x10005368                cdcd_init
 .text.cdcd_deinit
                0x100053d8       0x30 CMakeFiles/Lab4.dir/Users/kylewilliamson/.pico-sdk/sdk/2.1.1/lib/tinyusb/src/class/cdc/cdc_device.c.o
                0x100053d8                cdcd_deinit
 .text.cdcd_reset
                0x10005408       0x4c CMakeFiles/Lab4.dir/Users/kylewilliamson/.pico-sdk/sdk/2.1.1/lib/tinyusb/src/class/cdc/cdc_device.c.o
                0x10005408                cdcd_reset
 .text.cdcd_open
                0x10005454       0xc0 CMakeFiles/Lab4.dir/Users/kylewilliamson/.pico-sdk/sdk/2.1.1/lib/tinyusb/src/class/cdc/cdc_device.c.o
                0x10005454                cdcd_open
 .text.cdcd_control_xfer_cb
                0x10005514       0xc0 CMakeFiles/Lab4.dir/Users/kylewilliamson/.pico-sdk/sdk/2.1.1/lib/tinyusb/src/class/cdc/cdc_device.c.o
                0x10005514                cdcd_control_xfer_cb
 .text.cdcd_xfer_cb
                0x100055d4       0xf8 CMakeFiles/Lab4.dir/Users/kylewilliamson/.pico-sdk/sdk/2.1.1/lib/tinyusb/src/class/cdc/cdc_device.c.o
                0x100055d4                cdcd_xfer_cb
 .text.vendord_init
                0x100056cc       0x5c CMakeFiles/Lab4.dir/Users/kylewilliamson/.pico-sdk/sdk/2.1.1/lib/tinyusb/src/class/vendor/vendor_device.c.o
                0x100056cc                vendord_init
 .text.vendord_deinit
                0x10005728       0x1c CMakeFiles/Lab4.dir/Users/kylewilliamson/.pico-sdk/sdk/2.1.1/lib/tinyusb/src/class/vendor/vendor_device.c.o
                0x10005728                vendord_deinit
 .text.vendord_reset
                0x10005744       0x24 CMakeFiles/Lab4.dir/Users/kylewilliamson/.pico-sdk/sdk/2.1.1/lib/tinyusb/src/class/vendor/vendor_device.c.o
                0x10005744                vendord_reset
 .text.vendord_open
                0x10005768       0xf4 CMakeFiles/Lab4.dir/Users/kylewilliamson/.pico-sdk/sdk/2.1.1/lib/tinyusb/src/class/vendor/vendor_device.c.o
                0x10005768                vendord_open
 .text.vendord_xfer_cb
                0x1000585c       0x88 CMakeFiles/Lab4.dir/Users/kylewilliamson/.pico-sdk/sdk/2.1.1/lib/tinyusb/src/class/vendor/vendor_device.c.o
                0x1000585c                vendord_xfer_cb
 .text.tusb_rhport_init
                0x100058e4       0x64 CMakeFiles/Lab4.dir/Users/kylewilliamson/.pico-sdk/sdk/2.1.1/lib/tinyusb/src/tusb.c.o
                0x100058e4                tusb_rhport_init
 .text.tu_edpt_claim
                0x10005948       0x54 CMakeFiles/Lab4.dir/Users/kylewilliamson/.pico-sdk/sdk/2.1.1/lib/tinyusb/src/tusb.c.o
                0x10005948                tu_edpt_claim
 .text.tu_edpt_release
                0x1000599c       0x38 CMakeFiles/Lab4.dir/Users/kylewilliamson/.pico-sdk/sdk/2.1.1/lib/tinyusb/src/tusb.c.o
                0x1000599c                tu_edpt_release
 .text.tu_edpt_validate
                0x100059d4       0x60 CMakeFiles/Lab4.dir/Users/kylewilliamson/.pico-sdk/sdk/2.1.1/lib/tinyusb/src/tusb.c.o
                0x100059d4                tu_edpt_validate
 .text.tu_edpt_bind_driver
                0x10005a34       0x58 CMakeFiles/Lab4.dir/Users/kylewilliamson/.pico-sdk/sdk/2.1.1/lib/tinyusb/src/tusb.c.o
                0x10005a34                tu_edpt_bind_driver
 .text.tu_edpt_stream_init
                0x10005a8c       0x58 CMakeFiles/Lab4.dir/Users/kylewilliamson/.pico-sdk/sdk/2.1.1/lib/tinyusb/src/tusb.c.o
                0x10005a8c                tu_edpt_stream_init
 .text.tu_edpt_stream_deinit
                0x10005ae4        0x4 CMakeFiles/Lab4.dir/Users/kylewilliamson/.pico-sdk/sdk/2.1.1/lib/tinyusb/src/tusb.c.o
                0x10005ae4                tu_edpt_stream_deinit
 .text.tu_edpt_stream_write_zlp_if_needed
                0x10005ae8       0x68 CMakeFiles/Lab4.dir/Users/kylewilliamson/.pico-sdk/sdk/2.1.1/lib/tinyusb/src/tusb.c.o
                0x10005ae8                tu_edpt_stream_write_zlp_if_needed
 .text.tu_edpt_stream_write_xfer
                0x10005b50       0x70 CMakeFiles/Lab4.dir/Users/kylewilliamson/.pico-sdk/sdk/2.1.1/lib/tinyusb/src/tusb.c.o
                0x10005b50                tu_edpt_stream_write_xfer
 .text.tu_edpt_stream_read_xfer
                0x10005bc0       0xc8 CMakeFiles/Lab4.dir/Users/kylewilliamson/.pico-sdk/sdk/2.1.1/lib/tinyusb/src/tusb.c.o
                0x10005bc0                tu_edpt_stream_read_xfer
 .text.tu_fifo_config
                0x10005c88       0x60 CMakeFiles/Lab4.dir/Users/kylewilliamson/.pico-sdk/sdk/2.1.1/lib/tinyusb/src/common/tusb_fifo.c.o
                0x10005c88                tu_fifo_config
 .text.tu_fifo_count
                0x10005ce8       0x20 CMakeFiles/Lab4.dir/Users/kylewilliamson/.pico-sdk/sdk/2.1.1/lib/tinyusb/src/common/tusb_fifo.c.o
                0x10005ce8                tu_fifo_count
 .text.tu_fifo_empty
                0x10005d08       0x14 CMakeFiles/Lab4.dir/Users/kylewilliamson/.pico-sdk/sdk/2.1.1/lib/tinyusb/src/common/tusb_fifo.c.o
                0x10005d08                tu_fifo_empty
 .text.tu_fifo_remaining
                0x10005d1c       0x24 CMakeFiles/Lab4.dir/Users/kylewilliamson/.pico-sdk/sdk/2.1.1/lib/tinyusb/src/common/tusb_fifo.c.o
                0x10005d1c                tu_fifo_remaining
 .text.tu_fifo_read
                0x10005d40       0x94 CMakeFiles/Lab4.dir/Users/kylewilliamson/.pico-sdk/sdk/2.1.1/lib/tinyusb/src/common/tusb_fifo.c.o
                0x10005d40                tu_fifo_read
 .text.tu_fifo_read_n
                0x10005dd4       0xd8 CMakeFiles/Lab4.dir/Users/kylewilliamson/.pico-sdk/sdk/2.1.1/lib/tinyusb/src/common/tusb_fifo.c.o
                0x10005dd4                tu_fifo_read_n
 .text.tu_fifo_write
                0x10005eac       0xa4 CMakeFiles/Lab4.dir/Users/kylewilliamson/.pico-sdk/sdk/2.1.1/lib/tinyusb/src/common/tusb_fifo.c.o
                0x10005eac                tu_fifo_write
 .text.tu_fifo_write_n
                0x10005f50      0x15c CMakeFiles/Lab4.dir/Users/kylewilliamson/.pico-sdk/sdk/2.1.1/lib/tinyusb/src/common/tusb_fifo.c.o
                0x10005f50                tu_fifo_write_n
 .text.tu_fifo_clear
                0x100060ac       0x38 CMakeFiles/Lab4.dir/Users/kylewilliamson/.pico-sdk/sdk/2.1.1/lib/tinyusb/src/common/tusb_fifo.c.o
                0x100060ac                tu_fifo_clear
 .text.tu_fifo_set_overwritable
                0x100060e4       0x3c CMakeFiles/Lab4.dir/Users/kylewilliamson/.pico-sdk/sdk/2.1.1/lib/tinyusb/src/common/tusb_fifo.c.o
                0x100060e4                tu_fifo_set_overwritable
 .text.adc_init
                0x10006120       0x30 CMakeFiles/Lab4.dir/Users/kylewilliamson/.pico-sdk/sdk/2.1.1/src/rp2_common/hardware_adc/adc.c.o
                0x10006120                adc_init
 .text.memset   0x10006150       0x9c /Users/kylewilliamson/.pico-sdk/toolchain/14_2_Rel1/bin/../lib/gcc/arm-none-eabi/14.2.1/../../../../arm-none-eabi/lib/thumb/v8-m.main+fp/softfp/libg.a(libc_a-memset.o)
                0x10006150                memset
 .text          0x100061ec       0xec /Users/kylewilliamson/.pico-sdk/toolchain/14_2_Rel1/bin/../lib/gcc/arm-none-eabi/14.2.1/../../../../arm-none-eabi/lib/thumb/v8-m.main+fp/softfp/libg.a(libc_a-memcpy.o)
                0x100061ec                memcpy
 .text.strlen   0x100062d8       0x5c /Users/kylewilliamson/.pico-sdk/toolchain/14_2_Rel1/bin/../lib/gcc/arm-none-eabi/14.2.1/../../../../arm-none-eabi/lib/thumb/v8-m.main+fp/softfp/libg.a(libc_a-strlen-stub.o)
                0x100062d8                strlen
 *(.fini)
 .fini          0x10006334        0x4 /Users/kylewilliamson/.pico-sdk/toolchain/14_2_Rel1/bin/../lib/gcc/arm-none-eabi/14.2.1/thumb/v8-m.main+fp/softfp/crti.o
                0x10006334                _fini
 .fini.__stub   0x10006338       0x50 linker stubs
 *crtbegin.o(.ctors)
 *crtbegin?.o(.ctors)
 *(EXCLUDE_FILE(*crtend.o *crtend?.o) .ctors)
 *(SORT_BY_NAME(.ctors.*))
 *(.ctors)
 *crtbegin.o(.dtors)
 *crtbegin?.o(.dtors)
 *(EXCLUDE_FILE(*crtend.o *crtend?.o) .dtors)
 *(SORT_BY_NAME(.dtors.*))
 *(.dtors)
                0x10006388                        . = ALIGN (0x4)
                0x10006388                        PROVIDE (__preinit_array_start = .)
 *(SORT_BY_NAME(.preinit_array.*))
 .preinit_array.00050
                0x10006388        0x4 CMakeFiles/Lab4.dir/Users/kylewilliamson/.pico-sdk/sdk/2.1.1/src/rp2_common/pico_runtime_init/runtime_init.c.o
                0x10006388                __pre_init_runtime_init_bootrom_reset
 .preinit_array.00100
                0x1000638c        0x4 CMakeFiles/Lab4.dir/Users/kylewilliamson/.pico-sdk/sdk/2.1.1/src/rp2_common/pico_runtime_init/runtime_init.c.o
                0x1000638c                __pre_init_runtime_init_early_resets
 .preinit_array.00101
                0x10006390        0x4 CMakeFiles/Lab4.dir/Users/kylewilliamson/.pico-sdk/sdk/2.1.1/src/rp2_common/pico_runtime_init/runtime_init.c.o
                0x10006390                __pre_init_runtime_init_usb_power_down
 .preinit_array.00500
                0x10006394        0x4 CMakeFiles/Lab4.dir/Users/kylewilliamson/.pico-sdk/sdk/2.1.1/src/rp2_common/pico_runtime_init/runtime_init.c.o
                0x10006394                __pre_init_runtime_init_clocks
 .preinit_array.00600
                0x10006398        0x4 CMakeFiles/Lab4.dir/Users/kylewilliamson/.pico-sdk/sdk/2.1.1/src/rp2_common/pico_runtime_init/runtime_init.c.o
                0x10006398                __pre_init_runtime_init_post_clock_resets
 .preinit_array.01000
                0x1000639c        0x4 CMakeFiles/Lab4.dir/Users/kylewilliamson/.pico-sdk/sdk/2.1.1/src/rp2_common/hardware_boot_lock/boot_lock.c.o
                0x1000639c                __pre_init_runtime_init_boot_locks_reset
 .preinit_array.01000
                0x100063a0        0x4 CMakeFiles/Lab4.dir/Users/kylewilliamson/.pico-sdk/sdk/2.1.1/src/rp2_common/pico_runtime_init/runtime_init.c.o
                0x100063a0                __pre_init_runtime_init_spin_locks_reset
 .preinit_array.01010
                0x100063a4        0x4 CMakeFiles/Lab4.dir/Users/kylewilliamson/.pico-sdk/sdk/2.1.1/src/rp2_common/pico_bootrom/bootrom_lock.c.o
                0x100063a4                __pre_init_runtime_init_bootrom_locking_enable
 .preinit_array.01100
                0x100063a8        0x4 CMakeFiles/Lab4.dir/Users/kylewilliamson/.pico-sdk/sdk/2.1.1/src/common/pico_sync/mutex.c.o
                0x100063a8                __pre_init_runtime_init_mutex
 .preinit_array.10080
                0x100063ac        0x4 CMakeFiles/Lab4.dir/Users/kylewilliamson/.pico-sdk/sdk/2.1.1/src/rp2_common/pico_runtime_init/runtime_init.c.o
                0x100063ac                __pre_init_runtime_init_install_ram_vector_table
 .preinit_array.11000
                0x100063b0        0x4 CMakeFiles/Lab4.dir/Users/kylewilliamson/.pico-sdk/sdk/2.1.1/src/common/pico_time/time.c.o
                0x100063b0                __pre_init_runtime_init_default_alarm_pool
 .preinit_array.YYYYY
                0x100063b4        0x4 CMakeFiles/Lab4.dir/Users/kylewilliamson/.pico-sdk/sdk/2.1.1/src/rp2_common/pico_runtime/runtime.c.o
                0x100063b4                __pre_init_first_per_core_initializer
 .preinit_array.ZZZZZ.00051
                0x100063b8        0x4 CMakeFiles/Lab4.dir/Users/kylewilliamson/.pico-sdk/sdk/2.1.1/src/rp2_common/pico_runtime_init/runtime_init.c.o
                0x100063b8                __pre_init_runtime_init_per_core_bootrom_reset
 .preinit_array.ZZZZZ.00200
                0x100063bc        0x4 CMakeFiles/Lab4.dir/Users/kylewilliamson/.pico-sdk/sdk/2.1.1/src/rp2_common/pico_runtime_init/runtime_init.c.o
                0x100063bc                __pre_init_runtime_init_per_core_enable_coprocessors
 .preinit_array.ZZZZZ.01000
                0x100063c0        0x4 CMakeFiles/Lab4.dir/Users/kylewilliamson/.pico-sdk/sdk/2.1.1/src/rp2_common/hardware_sync_spin_lock/sync_spin_lock.c.o
                0x100063c0                __pre_init_spinlock_set_extexclall
 .preinit_array.ZZZZZ.01200
                0x100063c4        0x4 CMakeFiles/Lab4.dir/Users/kylewilliamson/.pico-sdk/sdk/2.1.1/src/rp2_common/hardware_irq/irq.c.o
                0x100063c4                __pre_init_runtime_init_per_core_irq_priorities
 *(.preinit_array)
                0x100063c8                        PROVIDE (__preinit_array_end = .)
                0x100063c8                        . = ALIGN (0x4)
                0x100063c8                        PROVIDE (__init_array_start = .)
 *(SORT_BY_NAME(.init_array.*))
 *(.init_array)
 .init_array    0x100063c8        0x4 /Users/kylewilliamson/.pico-sdk/toolchain/14_2_Rel1/bin/../lib/gcc/arm-none-eabi/14.2.1/thumb/v8-m.main+fp/softfp/crtbegin.o
 .init_array    0x100063cc        0x4 CMakeFiles/Lab4.dir/Users/kylewilliamson/.pico-sdk/sdk/2.1.1/src/rp2_common/pico_unique_id/unique_id.c.o
                0x100063d0                        PROVIDE (__init_array_end = .)
                0x100063d0                        . = ALIGN (0x4)
                [!provide]                        PROVIDE (__fini_array_start = .)
 *(SORT_BY_NAME(.fini_array.*))
 *(.fini_array)
                [!provide]                        PROVIDE (__fini_array_end = .)
 *(.eh_frame*)
 .eh_frame      0x100063d0        0x0 /Users/kylewilliamson/.pico-sdk/toolchain/14_2_Rel1/bin/../lib/gcc/arm-none-eabi/14.2.1/thumb/v8-m.main+fp/softfp/crtbegin.o
                0x100063d0                        . = ALIGN (0x4)

.glue_7         0x100063d0        0x0
 .glue_7        0x100063d0        0x0 linker stubs

.glue_7t        0x100063d0        0x0
 .glue_7t       0x100063d0        0x0 linker stubs

.vfp11_veneer   0x100063d0        0x0
 .vfp11_veneer  0x100063d0        0x0 linker stubs

.v4_bx          0x100063d0        0x0
 .v4_bx         0x100063d0        0x0 linker stubs

.iplt           0x100063d0        0x0
 .iplt          0x100063d0        0x0 /Users/kylewilliamson/.pico-sdk/toolchain/14_2_Rel1/bin/../lib/gcc/arm-none-eabi/14.2.1/thumb/v8-m.main+fp/softfp/crtbegin.o

.boot2          0x100063d0        0x0
                0x100063d0                        __boot2_start__ = .
 *(.boot2)
                0x100063d0                        __boot2_end__ = .
                0x00000001                        ASSERT (((__boot2_end__ - __boot2_start__) <= 0x100), ERROR: Pico second stage bootloader must be no more than 256 bytes in size)

.rodata         0x100063d0      0x554
 *(EXCLUDE_FILE(*libm.a: *libc.a:*lib_a-mem*.o *libgcc.a:) .rodata*)
 .rodata.timer_callback.str1.4
                0x100063d0      0x2e8 CMakeFiles/Lab4.dir/Lab4.c.o
                                 0x22 (size before relaxing)
 .rodata.main.str1.4
                0x100066b8       0x93 CMakeFiles/Lab4.dir/Lab4.c.o
 .rodata.my_pwm_init.str1.4
                0x100066b8       0x5b CMakeFiles/Lab4.dir/pwm.c.o
 .rodata.initialize_adc.str1.4
                0x100066b8       0x2c CMakeFiles/Lab4.dir/adc.c.o
 .rodata.servo_init.str1.4
                0x100066b8       0x38 CMakeFiles/Lab4.dir/servo.c.o
 .rodata.panic.str1.4
                0x100066b8       0x12 CMakeFiles/Lab4.dir/Users/kylewilliamson/.pico-sdk/sdk/2.1.1/src/rp2_common/pico_platform_panic/panic.c.o
 .rodata.spin_lock_claim_unused.str1.4
                0x100066b8       0x1b CMakeFiles/Lab4.dir/Users/kylewilliamson/.pico-sdk/sdk/2.1.1/src/rp2_common/hardware_sync/sync.c.o
 .rodata.user_irq_claim_unused.str1.4
                0x100066b8       0x1b CMakeFiles/Lab4.dir/Users/kylewilliamson/.pico-sdk/sdk/2.1.1/src/rp2_common/hardware_irq/irq.c.o
 .rodata.timer_hardware_alarm_claim.str1.4
                0x100066b8       0x22 CMakeFiles/Lab4.dir/Users/kylewilliamson/.pico-sdk/sdk/2.1.1/src/rp2_common/hardware_timer/timer.c.o
 .rodata.hard_assertion_failure.str1.4
                0x100066b8        0xc CMakeFiles/Lab4.dir/Users/kylewilliamson/.pico-sdk/sdk/2.1.1/src/rp2_common/pico_runtime/runtime.c.o
 .rodata.str1.4
                0x100066b8       0x40 CMakeFiles/Lab4.dir/Users/kylewilliamson/.pico-sdk/sdk/2.1.1/src/rp2_common/pico_standard_binary_info/standard_binary_info.c.o
 .rodata.__bi_84
                0x100066b8        0xc CMakeFiles/Lab4.dir/Users/kylewilliamson/.pico-sdk/sdk/2.1.1/src/rp2_common/pico_standard_binary_info/standard_binary_info.c.o
 .rodata.__bi_78
                0x100066c4        0xc CMakeFiles/Lab4.dir/Users/kylewilliamson/.pico-sdk/sdk/2.1.1/src/rp2_common/pico_standard_binary_info/standard_binary_info.c.o
 .rodata.__bi_60
                0x100066d0        0xc CMakeFiles/Lab4.dir/Users/kylewilliamson/.pico-sdk/sdk/2.1.1/src/rp2_common/pico_standard_binary_info/standard_binary_info.c.o
 .rodata.__bi_54
                0x100066dc        0xc CMakeFiles/Lab4.dir/Users/kylewilliamson/.pico-sdk/sdk/2.1.1/src/rp2_common/pico_standard_binary_info/standard_binary_info.c.o
 .rodata.__bi_48
                0x100066e8        0xc CMakeFiles/Lab4.dir/Users/kylewilliamson/.pico-sdk/sdk/2.1.1/src/rp2_common/pico_standard_binary_info/standard_binary_info.c.o
 .rodata.__bi_42
                0x100066f4        0xc CMakeFiles/Lab4.dir/Users/kylewilliamson/.pico-sdk/sdk/2.1.1/src/rp2_common/pico_standard_binary_info/standard_binary_info.c.o
 .rodata.__bi_34
                0x10006700        0xc CMakeFiles/Lab4.dir/Users/kylewilliamson/.pico-sdk/sdk/2.1.1/src/rp2_common/pico_standard_binary_info/standard_binary_info.c.o
 .rodata.__bi_26
                0x1000670c        0xc CMakeFiles/Lab4.dir/Users/kylewilliamson/.pico-sdk/sdk/2.1.1/src/rp2_common/pico_standard_binary_info/standard_binary_info.c.o
 .rodata._ftoa.str1.4
                0x10006718       0x15 CMakeFiles/Lab4.dir/Users/kylewilliamson/.pico-sdk/sdk/2.1.1/src/rp2_common/pico_printf/printf.c.o
 .rodata.pow10.0
                0x10006718       0x50 CMakeFiles/Lab4.dir/Users/kylewilliamson/.pico-sdk/sdk/2.1.1/src/rp2_common/pico_printf/printf.c.o
 .rodata.crlf_str.0
                0x10006768        0x2 CMakeFiles/Lab4.dir/Users/kylewilliamson/.pico-sdk/sdk/2.1.1/src/rp2_common/pico_stdio/stdio.c.o
 *fill*         0x1000676a        0x2 
 .rodata._resetd_driver
                0x1000676c       0x20 CMakeFiles/Lab4.dir/Users/kylewilliamson/.pico-sdk/sdk/2.1.1/src/rp2_common/pico_stdio_usb/reset_interface.c.o
 .rodata.desc_ms_os_20
                0x1000678c       0xa6 CMakeFiles/Lab4.dir/Users/kylewilliamson/.pico-sdk/sdk/2.1.1/src/rp2_common/pico_stdio_usb/reset_interface.c.o
 *fill*         0x10006832        0x2 
 .rodata.desc_bos
                0x10006834       0x21 CMakeFiles/Lab4.dir/Users/kylewilliamson/.pico-sdk/sdk/2.1.1/src/rp2_common/pico_stdio_usb/reset_interface.c.o
                0x10006834                desc_bos
 .rodata.str1.4
                0x10006855       0x13 CMakeFiles/Lab4.dir/Users/kylewilliamson/.pico-sdk/sdk/2.1.1/src/rp2_common/pico_stdio_usb/stdio_usb.c.o
 *fill*         0x10006855        0x3 
 .rodata.__bi_197.0
                0x10006858        0xc CMakeFiles/Lab4.dir/Users/kylewilliamson/.pico-sdk/sdk/2.1.1/src/rp2_common/pico_stdio_usb/stdio_usb.c.o
 .rodata.str1.4
                0x10006864       0x2a CMakeFiles/Lab4.dir/Users/kylewilliamson/.pico-sdk/sdk/2.1.1/src/rp2_common/pico_stdio_usb/stdio_usb_descriptors.c.o
 .rodata.usbd_desc_str
                0x10006864       0x18 CMakeFiles/Lab4.dir/Users/kylewilliamson/.pico-sdk/sdk/2.1.1/src/rp2_common/pico_stdio_usb/stdio_usb_descriptors.c.o
 .rodata.usbd_desc_cfg
                0x1000687c       0x54 CMakeFiles/Lab4.dir/Users/kylewilliamson/.pico-sdk/sdk/2.1.1/src/rp2_common/pico_stdio_usb/stdio_usb_descriptors.c.o
 .rodata.usbd_desc_device
                0x100068d0       0x12 CMakeFiles/Lab4.dir/Users/kylewilliamson/.pico-sdk/sdk/2.1.1/src/rp2_common/pico_stdio_usb/stdio_usb_descriptors.c.o
 .rodata.str1.4
                0x100068e2       0x14 CMakeFiles/Lab4.dir/Users/kylewilliamson/.pico-sdk/sdk/2.1.1/lib/tinyusb/src/portable/raspberrypi/rp2040/dcd_rp2040.c.o
 .rodata.str1.4
                0x100068e2       0x48 CMakeFiles/Lab4.dir/Users/kylewilliamson/.pico-sdk/sdk/2.1.1/lib/tinyusb/src/portable/raspberrypi/rp2040/rp2040_usb.c.o
 *fill*         0x100068e2        0x2 
 .rodata._usbd_driver
                0x100068e4       0x40 CMakeFiles/Lab4.dir/Users/kylewilliamson/.pico-sdk/sdk/2.1.1/lib/tinyusb/src/device/usbd.c.o
 *(.srodata*)
                0x10006924                        . = ALIGN (0x4)
 *(SORT_BY_ALIGNMENT(SORT_BY_NAME(.flashdata*)))
                0x10006924                        . = ALIGN (0x4)

.ARM.extab
 *(.ARM.extab* .gnu.linkonce.armextab.*)
                0x10006924                        __exidx_start = .

.ARM.exidx      0x10006924        0x8
 *(.ARM.exidx* .gnu.linkonce.armexidx.*)
 .ARM.exidx     0x10006924        0x8 /Users/kylewilliamson/.pico-sdk/toolchain/14_2_Rel1/bin/../lib/gcc/arm-none-eabi/14.2.1/../../../../arm-none-eabi/lib/thumb/v8-m.main+fp/softfp/libg.a(libc_a-memcpy.o)
 .ARM.exidx.text.__udivmoddi4
                0x1000692c        0x0 /Users/kylewilliamson/.pico-sdk/toolchain/14_2_Rel1/bin/../lib/gcc/arm-none-eabi/14.2.1/thumb/v8-m.main+fp/softfp/libgcc.a(_udivmoddi4.o)
                                  0x8 (size before relaxing)
                0x1000692c                        __exidx_end = .
                0x1000692c                        . = ALIGN (0x4)
                0x1000692c                        __binary_info_start = .

.binary_info    0x1000692c       0x24
 *(.binary_info.keep.*)
 .binary_info.keep.__bi_ptr84
                0x1000692c        0x4 CMakeFiles/Lab4.dir/Users/kylewilliamson/.pico-sdk/sdk/2.1.1/src/rp2_common/pico_standard_binary_info/standard_binary_info.c.o
 .binary_info.keep.__bi_ptr78
                0x10006930        0x4 CMakeFiles/Lab4.dir/Users/kylewilliamson/.pico-sdk/sdk/2.1.1/src/rp2_common/pico_standard_binary_info/standard_binary_info.c.o
 .binary_info.keep.__bi_ptr60
                0x10006934        0x4 CMakeFiles/Lab4.dir/Users/kylewilliamson/.pico-sdk/sdk/2.1.1/src/rp2_common/pico_standard_binary_info/standard_binary_info.c.o
 .binary_info.keep.__bi_ptr54
                0x10006938        0x4 CMakeFiles/Lab4.dir/Users/kylewilliamson/.pico-sdk/sdk/2.1.1/src/rp2_common/pico_standard_binary_info/standard_binary_info.c.o
 .binary_info.keep.__bi_ptr48
                0x1000693c        0x4 CMakeFiles/Lab4.dir/Users/kylewilliamson/.pico-sdk/sdk/2.1.1/src/rp2_common/pico_standard_binary_info/standard_binary_info.c.o
 .binary_info.keep.__bi_ptr42
                0x10006940        0x4 CMakeFiles/Lab4.dir/Users/kylewilliamson/.pico-sdk/sdk/2.1.1/src/rp2_common/pico_standard_binary_info/standard_binary_info.c.o
 .binary_info.keep.__bi_ptr34
                0x10006944        0x4 CMakeFiles/Lab4.dir/Users/kylewilliamson/.pico-sdk/sdk/2.1.1/src/rp2_common/pico_standard_binary_info/standard_binary_info.c.o
 .binary_info.keep.__bi_ptr26
                0x10006948        0x4 CMakeFiles/Lab4.dir/Users/kylewilliamson/.pico-sdk/sdk/2.1.1/src/rp2_common/pico_standard_binary_info/standard_binary_info.c.o
 *(.binary_info.*)
 .binary_info.__bi_ptr197
                0x1000694c        0x4 CMakeFiles/Lab4.dir/Users/kylewilliamson/.pico-sdk/sdk/2.1.1/src/rp2_common/pico_stdio_usb/stdio_usb.c.o
                0x10006950                        __binary_info_end = .
                0x10006950                        . = ALIGN (0x4)

.ram_vector_table
                0x20000000      0x110
 *(.ram_vector_table)
 .ram_vector_table
                0x20000000      0x110 CMakeFiles/Lab4.dir/Users/kylewilliamson/.pico-sdk/sdk/2.1.1/src/rp2_common/pico_runtime_init/runtime_init.c.o
                0x20000000                ram_vector_table

.uninitialized_data
                0x20000110        0x0
                0x20000110                        . = ALIGN (0x4)
 *(.uninitialized_data*)

.data           0x20000110     0x1114 load address 0x10006950
                0x20000110                        __data_start__ = .
 *(vtable)
 *(.time_critical*)
 .time_critical.mutex_try_enter
                0x20000110       0x50 CMakeFiles/Lab4.dir/Users/kylewilliamson/.pico-sdk/sdk/2.1.1/src/common/pico_sync/mutex.c.o
                0x20000110                mutex_try_enter
 .time_critical.mutex_enter_block_until
                0x20000160       0x6c CMakeFiles/Lab4.dir/Users/kylewilliamson/.pico-sdk/sdk/2.1.1/src/common/pico_sync/mutex.c.o
                0x20000160                mutex_enter_block_until
 .time_critical.mutex_try_enter_block_until
                0x200001cc       0x68 CMakeFiles/Lab4.dir/Users/kylewilliamson/.pico-sdk/sdk/2.1.1/src/common/pico_sync/mutex.c.o
                0x200001cc                mutex_try_enter_block_until
 .time_critical.mutex_enter_timeout_ms
                0x20000234       0x38 CMakeFiles/Lab4.dir/Users/kylewilliamson/.pico-sdk/sdk/2.1.1/src/common/pico_sync/mutex.c.o
                0x20000234                mutex_enter_timeout_ms
 .time_critical.mutex_exit
                0x2000026c       0x3c CMakeFiles/Lab4.dir/Users/kylewilliamson/.pico-sdk/sdk/2.1.1/src/common/pico_sync/mutex.c.o
                0x2000026c                mutex_exit
 .time_critical.reset_non_control_endpoints
                0x200002a8       0x64 CMakeFiles/Lab4.dir/Users/kylewilliamson/.pico-sdk/sdk/2.1.1/lib/tinyusb/src/portable/raspberrypi/rp2040/dcd_rp2040.c.o
 .time_critical.hw_handle_buff_status
                0x2000030c       0x90 CMakeFiles/Lab4.dir/Users/kylewilliamson/.pico-sdk/sdk/2.1.1/lib/tinyusb/src/portable/raspberrypi/rp2040/dcd_rp2040.c.o
 .time_critical.dcd_rp2040_irq
                0x2000039c      0x530 CMakeFiles/Lab4.dir/Users/kylewilliamson/.pico-sdk/sdk/2.1.1/lib/tinyusb/src/portable/raspberrypi/rp2040/dcd_rp2040.c.o
 .time_critical.prepare_ep_buffer
                0x200008cc       0xc0 CMakeFiles/Lab4.dir/Users/kylewilliamson/.pico-sdk/sdk/2.1.1/lib/tinyusb/src/portable/raspberrypi/rp2040/rp2040_usb.c.o
 .time_critical.sync_ep_buffer
                0x2000098c       0xb4 CMakeFiles/Lab4.dir/Users/kylewilliamson/.pico-sdk/sdk/2.1.1/lib/tinyusb/src/portable/raspberrypi/rp2040/rp2040_usb.c.o
 .time_critical._hw_endpoint_xfer_sync
                0x20000a40       0x2c CMakeFiles/Lab4.dir/Users/kylewilliamson/.pico-sdk/sdk/2.1.1/lib/tinyusb/src/portable/raspberrypi/rp2040/rp2040_usb.c.o
 .time_critical.e15_is_bulkin_ep
                0x20000a6c       0x28 CMakeFiles/Lab4.dir/Users/kylewilliamson/.pico-sdk/sdk/2.1.1/lib/tinyusb/src/portable/raspberrypi/rp2040/rp2040_usb.c.o
 .time_critical.e15_is_critical_frame_period
                0x20000a94       0x28 CMakeFiles/Lab4.dir/Users/kylewilliamson/.pico-sdk/sdk/2.1.1/lib/tinyusb/src/portable/raspberrypi/rp2040/rp2040_usb.c.o
 .time_critical.hw_endpoint_reset_transfer
                0x20000abc        0xc CMakeFiles/Lab4.dir/Users/kylewilliamson/.pico-sdk/sdk/2.1.1/lib/tinyusb/src/portable/raspberrypi/rp2040/rp2040_usb.c.o
                0x20000abc                hw_endpoint_reset_transfer
 .time_critical._hw_endpoint_buffer_control_update32
                0x20000ac8       0x44 CMakeFiles/Lab4.dir/Users/kylewilliamson/.pico-sdk/sdk/2.1.1/lib/tinyusb/src/portable/raspberrypi/rp2040/rp2040_usb.c.o
                0x20000ac8                _hw_endpoint_buffer_control_update32
 .time_critical.hw_endpoint_start_next_buffer
                0x20000b0c       0x64 CMakeFiles/Lab4.dir/Users/kylewilliamson/.pico-sdk/sdk/2.1.1/lib/tinyusb/src/portable/raspberrypi/rp2040/rp2040_usb.c.o
                0x20000b0c                hw_endpoint_start_next_buffer
 .time_critical.hw_endpoint_xfer_continue
                0x20000b70       0x3c CMakeFiles/Lab4.dir/Users/kylewilliamson/.pico-sdk/sdk/2.1.1/lib/tinyusb/src/portable/raspberrypi/rp2040/rp2040_usb.c.o
                0x20000b70                hw_endpoint_xfer_continue
 .time_critical.tinyusb
                0x20000bac      0x224 CMakeFiles/Lab4.dir/Users/kylewilliamson/.pico-sdk/sdk/2.1.1/lib/tinyusb/src/device/usbd.c.o
                0x20000bac                dcd_event_handler
 *(.text*)
 .text          0x20000dd0       0x30 /Users/kylewilliamson/.pico-sdk/toolchain/14_2_Rel1/bin/../lib/gcc/arm-none-eabi/14.2.1/thumb/v8-m.main+fp/softfp/libgcc.a(_aeabi_uldivmod.o)
                0x20000dd0                __aeabi_uldivmod
 .text.__udivmoddi4
                0x20000e00      0x34c /Users/kylewilliamson/.pico-sdk/toolchain/14_2_Rel1/bin/../lib/gcc/arm-none-eabi/14.2.1/thumb/v8-m.main+fp/softfp/libgcc.a(_udivmoddi4.o)
                0x20000e00                __udivmoddi4
 .text          0x2000114c        0x4 /Users/kylewilliamson/.pico-sdk/toolchain/14_2_Rel1/bin/../lib/gcc/arm-none-eabi/14.2.1/thumb/v8-m.main+fp/softfp/libgcc.a(_dvmd_tls.o)
                0x2000114c                __aeabi_ldiv0
                0x2000114c                __aeabi_idiv0
 .text.__stub   0x20001150       0x30 linker stubs
                0x20001180                        . = ALIGN (0x4)
 *(.rodata*)
                0x20001180                        . = ALIGN (0x4)
 *(.data*)
 .data.servo_duty_cycle
                0x20001180        0x2 CMakeFiles/Lab4.dir/pwm.c.o
 .data.striped_spin_lock_num
                0x20001182        0x1 CMakeFiles/Lab4.dir/Users/kylewilliamson/.pico-sdk/sdk/2.1.1/src/rp2_common/hardware_sync/sync.c.o
 *fill*         0x20001183        0x1 
 .data          0x20001184       0x48 CMakeFiles/Lab4.dir/Users/kylewilliamson/.pico-sdk/sdk/2.1.1/src/rp2_common/hardware_irq/irq_handler_chain.S.o
                0x20001184                irq_handler_chain_slots
                0x200011b4                irq_handler_chain_first_slot
                0x200011be                irq_handler_chain_remove_tail
 .data.default_alarm_pool
                0x200011cc       0x18 CMakeFiles/Lab4.dir/Users/kylewilliamson/.pico-sdk/sdk/2.1.1/src/common/pico_time/time.c.o
 .data.stdio_usb
                0x200011e4       0x18 CMakeFiles/Lab4.dir/Users/kylewilliamson/.pico-sdk/sdk/2.1.1/src/rp2_common/pico_stdio_usb/stdio_usb.c.o
                0x200011e4                stdio_usb
 .data._usbd_qdef
                0x200011fc       0x1c CMakeFiles/Lab4.dir/Users/kylewilliamson/.pico-sdk/sdk/2.1.1/lib/tinyusb/src/device/usbd.c.o
                0x200011fc                _usbd_qdef
 .data._usbd_rhport
                0x20001218        0x1 CMakeFiles/Lab4.dir/Users/kylewilliamson/.pico-sdk/sdk/2.1.1/lib/tinyusb/src/device/usbd.c.o
 *(.sdata*)
                0x2000121c                        . = ALIGN (0x4)
 *fill*         0x20001219        0x3 
 *(.after_data.*)
                0x2000121c                        . = ALIGN (0x4)
                0x2000121c                        PROVIDE (__mutex_array_start = .)
 *(SORT_BY_NAME(.mutex_array.*))
 *(.mutex_array)
 .mutex_array   0x2000121c        0x8 CMakeFiles/Lab4.dir/Users/kylewilliamson/.pico-sdk/sdk/2.1.1/src/rp2_common/pico_stdio/stdio.c.o
                0x20001224                        PROVIDE (__mutex_array_end = .)
 *(.jcr)
                0x20001224                        . = ALIGN (0x4)

.tm_clone_table
                0x20001224        0x0 load address 0x10007a64
 .tm_clone_table
                0x20001224        0x0 /Users/kylewilliamson/.pico-sdk/toolchain/14_2_Rel1/bin/../lib/gcc/arm-none-eabi/14.2.1/thumb/v8-m.main+fp/softfp/crtbegin.o
 .tm_clone_table
                0x20001224        0x0 /Users/kylewilliamson/.pico-sdk/toolchain/14_2_Rel1/bin/../lib/gcc/arm-none-eabi/14.2.1/thumb/v8-m.main+fp/softfp/crtend.o

.igot.plt       0x20001224        0x0 load address 0x10007a64
 .igot.plt      0x20001224        0x0 /Users/kylewilliamson/.pico-sdk/toolchain/14_2_Rel1/bin/../lib/gcc/arm-none-eabi/14.2.1/thumb/v8-m.main+fp/softfp/crtbegin.o

.tdata          0x20001224        0x0 load address 0x10007a64
                0x20001224                        . = ALIGN (0x4)
 *(.tdata .tdata.* .gnu.linkonce.td.*)
                0x20001224                        __tdata_end = .
                0x20001224                        PROVIDE (__data_end__ = .)
                0x10006950                        __etext = LOADADDR (.data)

.tbss           0x20001224        0x0 load address 0x10007a64
                0x20001224                        . = ALIGN (0x4)
                0x20001224                        __bss_start__ = .
                0x20001224                        __tls_base = .
 *(.tbss .tbss.* .gnu.linkonce.tb.*)
 *(.tcommon)
                0x20001224                        __tls_end = .

.bss            0x20001228      0xc34 load address 0x10007a64
                0x20001228                        . = ALIGN (0x4)
                0x20001228                        __tbss_end = .
 *(SORT_BY_ALIGNMENT(SORT_BY_NAME(.bss*)))
 .bss.default_alarm_pool_entries
                0x20001228      0x180 CMakeFiles/Lab4.dir/Users/kylewilliamson/.pico-sdk/sdk/2.1.1/src/common/pico_time/time.c.o
 .bss.last_avail_time.1
                0x200013a8        0x8 CMakeFiles/Lab4.dir/Users/kylewilliamson/.pico-sdk/sdk/2.1.1/src/rp2_common/pico_stdio_usb/stdio_usb.c.o
 .bss._app_driver
                0x200013b0        0x4 CMakeFiles/Lab4.dir/Users/kylewilliamson/.pico-sdk/sdk/2.1.1/lib/tinyusb/src/device/usbd.c.o
 .bss._cdcd_epbuf
                0x200013b4       0x80 CMakeFiles/Lab4.dir/Users/kylewilliamson/.pico-sdk/sdk/2.1.1/lib/tinyusb/src/class/cdc/cdc_device.c.o
 .bss._cdcd_fifo_cfg
                0x20001434        0x1 CMakeFiles/Lab4.dir/Users/kylewilliamson/.pico-sdk/sdk/2.1.1/lib/tinyusb/src/class/cdc/cdc_device.c.o
 *fill*         0x20001435        0x3 
 .bss._cdcd_itf
                0x20001438       0xc8 CMakeFiles/Lab4.dir/Users/kylewilliamson/.pico-sdk/sdk/2.1.1/lib/tinyusb/src/class/cdc/cdc_device.c.o
 .bss._ctrl_epbuf
                0x20001500       0x40 CMakeFiles/Lab4.dir/Users/kylewilliamson/.pico-sdk/sdk/2.1.1/lib/tinyusb/src/device/usbd_control.c.o
 .bss._ctrl_xfer
                0x20001540       0x14 CMakeFiles/Lab4.dir/Users/kylewilliamson/.pico-sdk/sdk/2.1.1/lib/tinyusb/src/device/usbd_control.c.o
 .bss._sw_spin_locks
                0x20001554       0x20 CMakeFiles/Lab4.dir/Users/kylewilliamson/.pico-sdk/sdk/2.1.1/src/rp2_common/hardware_sync_spin_lock/sync_spin_lock.c.o
                0x20001554                _sw_spin_locks
 .bss._tusb_rhport_role
                0x20001574        0x2 CMakeFiles/Lab4.dir/Users/kylewilliamson/.pico-sdk/sdk/2.1.1/lib/tinyusb/src/tusb.c.o
                0x20001574                _tusb_rhport_role
 *fill*         0x20001576        0x2 
 .bss._ubsd_mutexdef
                0x20001578        0x8 CMakeFiles/Lab4.dir/Users/kylewilliamson/.pico-sdk/sdk/2.1.1/lib/tinyusb/src/device/usbd.c.o
 .bss._usbd_dev
                0x20001580       0x54 CMakeFiles/Lab4.dir/Users/kylewilliamson/.pico-sdk/sdk/2.1.1/lib/tinyusb/src/device/usbd.c.o
 .bss._usbd_mutex
                0x200015d4        0x4 CMakeFiles/Lab4.dir/Users/kylewilliamson/.pico-sdk/sdk/2.1.1/lib/tinyusb/src/device/usbd.c.o
 .bss._usbd_q   0x200015d8        0x4 CMakeFiles/Lab4.dir/Users/kylewilliamson/.pico-sdk/sdk/2.1.1/lib/tinyusb/src/device/usbd.c.o
 .bss._usbd_qdef_buf
                0x200015dc       0xc0 CMakeFiles/Lab4.dir/Users/kylewilliamson/.pico-sdk/sdk/2.1.1/lib/tinyusb/src/device/usbd.c.o
                0x200015dc                _usbd_qdef_buf
 .bss._vendord_epbuf
                0x2000169c       0x80 CMakeFiles/Lab4.dir/Users/kylewilliamson/.pico-sdk/sdk/2.1.1/lib/tinyusb/src/class/vendor/vendor_device.c.o
 .bss._vendord_itf
                0x2000171c      0x24c CMakeFiles/Lab4.dir/Users/kylewilliamson/.pico-sdk/sdk/2.1.1/lib/tinyusb/src/class/vendor/vendor_device.c.o
 .bss.chars_available_callback
                0x20001968        0x4 CMakeFiles/Lab4.dir/Users/kylewilliamson/.pico-sdk/sdk/2.1.1/src/rp2_common/pico_stdio_usb/stdio_usb.c.o
 .bss.chars_available_param
                0x2000196c        0x4 CMakeFiles/Lab4.dir/Users/kylewilliamson/.pico-sdk/sdk/2.1.1/src/rp2_common/pico_stdio_usb/stdio_usb.c.o
 .bss.claimed   0x20001970        0x4 CMakeFiles/Lab4.dir/Users/kylewilliamson/.pico-sdk/sdk/2.1.1/src/rp2_common/hardware_sync/sync.c.o
 .bss.claimed   0x20001974        0x2 CMakeFiles/Lab4.dir/Users/kylewilliamson/.pico-sdk/sdk/2.1.1/src/rp2_common/hardware_timer/timer.c.o
 *fill*         0x20001976        0x2 
 .bss.configured_freq
                0x20001978       0x28 CMakeFiles/Lab4.dir/Users/kylewilliamson/.pico-sdk/sdk/2.1.1/src/rp2_common/hardware_clocks/clocks.c.o
 .bss.desc_str.0
                0x200019a0       0x28 CMakeFiles/Lab4.dir/Users/kylewilliamson/.pico-sdk/sdk/2.1.1/src/rp2_common/pico_stdio_usb/stdio_usb_descriptors.c.o
 .bss.drivers   0x200019c8        0x4 CMakeFiles/Lab4.dir/Users/kylewilliamson/.pico-sdk/sdk/2.1.1/src/rp2_common/pico_stdio/stdio.c.o
 .bss.e15_last_sof
                0x200019cc        0x4 CMakeFiles/Lab4.dir/Users/kylewilliamson/.pico-sdk/sdk/2.1.1/lib/tinyusb/src/portable/raspberrypi/rp2040/rp2040_usb.c.o
                0x200019cc                e15_last_sof
 .bss.filter    0x200019d0        0x4 CMakeFiles/Lab4.dir/Users/kylewilliamson/.pico-sdk/sdk/2.1.1/src/rp2_common/pico_stdio/stdio.c.o
 .bss.hw_endpoints
                0x200019d4      0x400 CMakeFiles/Lab4.dir/Users/kylewilliamson/.pico-sdk/sdk/2.1.1/lib/tinyusb/src/portable/raspberrypi/rp2040/dcd_rp2040.c.o
 .bss.lazy_vsnprintf
                0x20001dd4        0x4 CMakeFiles/Lab4.dir/Users/kylewilliamson/.pico-sdk/sdk/2.1.1/src/rp2_common/pico_printf/printf.c.o
 .bss.load_value
                0x20001dd8        0x4 CMakeFiles/Lab4.dir/Users/kylewilliamson/.pico-sdk/sdk/2.1.1/src/rp2_common/hardware_watchdog/watchdog.c.o
 .bss.next_buffer_ptr
                0x20001ddc        0x4 CMakeFiles/Lab4.dir/Users/kylewilliamson/.pico-sdk/sdk/2.1.1/lib/tinyusb/src/portable/raspberrypi/rp2040/dcd_rp2040.c.o
 .bss.object.0  0x20001de0       0x18 /Users/kylewilliamson/.pico-sdk/toolchain/14_2_Rel1/bin/../lib/gcc/arm-none-eabi/14.2.1/thumb/v8-m.main+fp/softfp/crtbegin.o
 .bss.one_shot_timer_crit_sec
                0x20001df8        0x8 CMakeFiles/Lab4.dir/Users/kylewilliamson/.pico-sdk/sdk/2.1.1/src/rp2_common/pico_stdio_usb/stdio_usb.c.o
 .bss.pools     0x20001e00       0x20 CMakeFiles/Lab4.dir/Users/kylewilliamson/.pico-sdk/sdk/2.1.1/src/common/pico_time/time.c.o
 .bss.retrieved_id
                0x20001e20        0x8 CMakeFiles/Lab4.dir/Users/kylewilliamson/.pico-sdk/sdk/2.1.1/src/rp2_common/pico_unique_id/unique_id.c.o
 .bss.sleep_notifier
                0x20001e28        0x4 CMakeFiles/Lab4.dir/Users/kylewilliamson/.pico-sdk/sdk/2.1.1/src/common/pico_time/time.c.o
 .bss.stdio_usb_mutex
                0x20001e2c        0x8 CMakeFiles/Lab4.dir/Users/kylewilliamson/.pico-sdk/sdk/2.1.1/src/rp2_common/pico_stdio_usb/stdio_usb.c.o
 .bss.usbd_serial_str
                0x20001e34       0x11 CMakeFiles/Lab4.dir/Users/kylewilliamson/.pico-sdk/sdk/2.1.1/src/rp2_common/pico_stdio_usb/stdio_usb_descriptors.c.o
 *fill*         0x20001e45        0x1 
 .bss.current_duty_cycle
                0x20001e46        0x2 CMakeFiles/Lab4.dir/Lab4.c.o
                0x20001e46                current_duty_cycle
 .bss.motor_duty_cycle
                0x20001e48        0x2 CMakeFiles/Lab4.dir/pwm.c.o
 .bss.proximity_value
                0x20001e4a        0x2 CMakeFiles/Lab4.dir/Lab4.c.o
                0x20001e4a                proximity_value
 .bss._app_driver_count
                0x20001e4c        0x1 CMakeFiles/Lab4.dir/Users/kylewilliamson/.pico-sdk/sdk/2.1.1/lib/tinyusb/src/device/usbd.c.o
 .bss._sof_enable
                0x20001e4d        0x1 CMakeFiles/Lab4.dir/Users/kylewilliamson/.pico-sdk/sdk/2.1.1/lib/tinyusb/src/portable/raspberrypi/rp2040/dcd_rp2040.c.o
 .bss._usbd_queued_setup
                0x20001e4e        0x1 CMakeFiles/Lab4.dir/Users/kylewilliamson/.pico-sdk/sdk/2.1.1/lib/tinyusb/src/device/usbd.c.o
 .bss.irq_handler_chain_free_slot_head
                0x20001e4f        0x1 CMakeFiles/Lab4.dir/Users/kylewilliamson/.pico-sdk/sdk/2.1.1/src/rp2_common/hardware_irq/irq.c.o
 .bss.itf_num   0x20001e50        0x1 CMakeFiles/Lab4.dir/Users/kylewilliamson/.pico-sdk/sdk/2.1.1/src/rp2_common/pico_stdio_usb/reset_interface.c.o
 .bss.low_priority_irq_num
                0x20001e51        0x1 CMakeFiles/Lab4.dir/Users/kylewilliamson/.pico-sdk/sdk/2.1.1/src/rp2_common/pico_stdio_usb/stdio_usb.c.o
 .bss.motor_chan
                0x20001e52        0x1 CMakeFiles/Lab4.dir/pwm.c.o
 .bss.motor_slice
                0x20001e53        0x1 CMakeFiles/Lab4.dir/pwm.c.o
 .bss.motor_state
                0x20001e54        0x1 CMakeFiles/Lab4.dir/Lab4.c.o
                0x20001e54                motor_state
 .bss.object_detected
                0x20001e55        0x1 CMakeFiles/Lab4.dir/Lab4.c.o
                0x20001e55                object_detected
 .bss.one_shot_timer_pending
                0x20001e56        0x1 CMakeFiles/Lab4.dir/Users/kylewilliamson/.pico-sdk/sdk/2.1.1/src/rp2_common/pico_stdio_usb/stdio_usb.c.o
 .bss.servo_chan
                0x20001e57        0x1 CMakeFiles/Lab4.dir/pwm.c.o
 .bss.servo_slice
                0x20001e58        0x1 CMakeFiles/Lab4.dir/pwm.c.o
 .bss.user_irq_claimed
                0x20001e59        0x1 CMakeFiles/Lab4.dir/Users/kylewilliamson/.pico-sdk/sdk/2.1.1/src/rp2_common/hardware_irq/irq.c.o
 *(COMMON)
                [!provide]                        PROVIDE (__global_pointer$ = (. + 0x800))
 *(.sbss*)
                0x20001e5c                        . = ALIGN (0x4)
 *fill*         0x20001e5a        0x2 
                0x20001e5c                        __bss_end__ = .

.heap           0x20001e5c      0x800 load address 0x10007a64
                0x20001e5c                        __end__ = .
                0x20001e5c                        end = __end__
 *(.heap*)
 .heap          0x20001e5c      0x800 CMakeFiles/Lab4.dir/Users/kylewilliamson/.pico-sdk/sdk/2.1.1/src/rp2_common/pico_crt0/crt0.S.o
                0x20080000                        __HeapLimit = (ORIGIN (RAM) + LENGTH (RAM))

.scratch_x      0x20080000        0x0 load address 0x10007a64
                0x20080000                        __scratch_x_start__ = .
 *(.scratch_x.*)
                0x20080000                        . = ALIGN (0x4)
                0x20080000                        __scratch_x_end__ = .
                0x10007a64                        __scratch_x_source__ = LOADADDR (.scratch_x)

.scratch_y      0x20081000        0x0 load address 0x10007a64
                0x20081000                        __scratch_y_start__ = .
 *(.scratch_y.*)
                0x20081000                        . = ALIGN (0x4)
                0x20081000                        __scratch_y_end__ = .
                0x10007a64                        __scratch_y_source__ = LOADADDR (.scratch_y)

.stack1_dummy
 *(.stack1*)

.stack_dummy    0x20081000      0x800
 *(.stack*)
 .stack         0x20081000      0x800 CMakeFiles/Lab4.dir/Users/kylewilliamson/.pico-sdk/sdk/2.1.1/src/rp2_common/pico_crt0/crt0.S.o

.flash_end      0x10007a64       0x14
 *(.embedded_end_block*)
 .embedded_end_block
                0x10007a64       0x14 CMakeFiles/Lab4.dir/Users/kylewilliamson/.pico-sdk/sdk/2.1.1/src/rp2_common/pico_crt0/crt0.S.o
                0x10007a78                        PROVIDE (__flash_binary_end = .)
                0x20080000                        __StackLimit = (ORIGIN (RAM) + LENGTH (RAM))
                0x20081000                        __StackOneTop = (ORIGIN (SCRATCH_X) + LENGTH (SCRATCH_X))
                0x20082000                        __StackTop = (ORIGIN (SCRATCH_Y) + LENGTH (SCRATCH_Y))
                0x20081000                        __StackOneBottom = (__StackOneTop - SIZEOF (.stack1_dummy))
                0x20081800                        __StackBottom = (__StackTop - SIZEOF (.stack_dummy))
                0x20082000                        PROVIDE (__stack = __StackTop)
                [!provide]                        PROVIDE (__heap_start = __end__)
                [!provide]                        PROVIDE (__heap_end = __HeapLimit)
                [!provide]                        PROVIDE (__tls_align = MAX (ALIGNOF (.tdata), ALIGNOF (.tbss)))
                [!provide]                        PROVIDE (__tls_size_align = (((__tls_size + __tls_align) - 0x1) & ~ ((__tls_align - 0x1))))
                [!provide]                        PROVIDE (__arm32_tls_tcb_offset = MAX (0x8, __tls_align))
                [!provide]                        PROVIDE (_end = __end__)
                [!provide]                        PROVIDE (__llvm_libc_heap_limit = __HeapLimit)
                0x00000001                        ASSERT ((__StackLimit >= __HeapLimit), region RAM overflowed)
                0x00000001                        ASSERT (((__binary_info_header_end - __logical_binary_start) <= 0x400), Binary info must be in first 1024 bytes of the binary)
                0x00000001                        ASSERT (((__embedded_block_end - __logical_binary_start) <= 0x1000), Embedded block must be in first 4096 bytes of the binary)
LOAD CMakeFiles/Lab4.dir/Lab4.c.o
LOAD CMakeFiles/Lab4.dir/pwm.c.o
LOAD CMakeFiles/Lab4.dir/adc.c.o
LOAD CMakeFiles/Lab4.dir/servo.c.o
LOAD CMakeFiles/Lab4.dir/Users/kylewilliamson/.pico-sdk/sdk/2.1.1/src/rp2_common/pico_stdlib/stdlib.c.o
LOAD CMakeFiles/Lab4.dir/Users/kylewilliamson/.pico-sdk/sdk/2.1.1/src/rp2_common/hardware_gpio/gpio.c.o
LOAD CMakeFiles/Lab4.dir/Users/kylewilliamson/.pico-sdk/sdk/2.1.1/src/rp2350/pico_platform/platform.c.o
LOAD CMakeFiles/Lab4.dir/Users/kylewilliamson/.pico-sdk/sdk/2.1.1/src/rp2_common/pico_platform_panic/panic.c.o
LOAD CMakeFiles/Lab4.dir/Users/kylewilliamson/.pico-sdk/sdk/2.1.1/src/common/hardware_claim/claim.c.o
LOAD CMakeFiles/Lab4.dir/Users/kylewilliamson/.pico-sdk/sdk/2.1.1/src/rp2_common/hardware_sync/sync.c.o
LOAD CMakeFiles/Lab4.dir/Users/kylewilliamson/.pico-sdk/sdk/2.1.1/src/rp2_common/hardware_sync_spin_lock/sync_spin_lock.c.o
LOAD CMakeFiles/Lab4.dir/Users/kylewilliamson/.pico-sdk/sdk/2.1.1/src/rp2_common/hardware_irq/irq.c.o
LOAD CMakeFiles/Lab4.dir/Users/kylewilliamson/.pico-sdk/sdk/2.1.1/src/rp2_common/hardware_irq/irq_handler_chain.S.o
LOAD CMakeFiles/Lab4.dir/Users/kylewilliamson/.pico-sdk/sdk/2.1.1/src/common/pico_sync/sem.c.o
LOAD CMakeFiles/Lab4.dir/Users/kylewilliamson/.pico-sdk/sdk/2.1.1/src/common/pico_sync/lock_core.c.o
LOAD CMakeFiles/Lab4.dir/Users/kylewilliamson/.pico-sdk/sdk/2.1.1/src/common/pico_sync/mutex.c.o
LOAD CMakeFiles/Lab4.dir/Users/kylewilliamson/.pico-sdk/sdk/2.1.1/src/common/pico_sync/critical_section.c.o
LOAD CMakeFiles/Lab4.dir/Users/kylewilliamson/.pico-sdk/sdk/2.1.1/src/common/pico_time/time.c.o
LOAD CMakeFiles/Lab4.dir/Users/kylewilliamson/.pico-sdk/sdk/2.1.1/src/common/pico_time/timeout_helper.c.o
LOAD CMakeFiles/Lab4.dir/Users/kylewilliamson/.pico-sdk/sdk/2.1.1/src/rp2_common/hardware_timer/timer.c.o
LOAD CMakeFiles/Lab4.dir/Users/kylewilliamson/.pico-sdk/sdk/2.1.1/src/common/pico_util/datetime.c.o
LOAD CMakeFiles/Lab4.dir/Users/kylewilliamson/.pico-sdk/sdk/2.1.1/src/common/pico_util/pheap.c.o
LOAD CMakeFiles/Lab4.dir/Users/kylewilliamson/.pico-sdk/sdk/2.1.1/src/common/pico_util/queue.c.o
LOAD CMakeFiles/Lab4.dir/Users/kylewilliamson/.pico-sdk/sdk/2.1.1/src/rp2_common/hardware_uart/uart.c.o
LOAD CMakeFiles/Lab4.dir/Users/kylewilliamson/.pico-sdk/sdk/2.1.1/src/rp2_common/hardware_clocks/clocks.c.o
LOAD CMakeFiles/Lab4.dir/Users/kylewilliamson/.pico-sdk/sdk/2.1.1/src/rp2_common/hardware_pll/pll.c.o
LOAD CMakeFiles/Lab4.dir/Users/kylewilliamson/.pico-sdk/sdk/2.1.1/src/rp2_common/hardware_vreg/vreg.c.o
LOAD CMakeFiles/Lab4.dir/Users/kylewilliamson/.pico-sdk/sdk/2.1.1/src/rp2_common/hardware_watchdog/watchdog.c.o
LOAD CMakeFiles/Lab4.dir/Users/kylewilliamson/.pico-sdk/sdk/2.1.1/src/rp2_common/hardware_ticks/ticks.c.o
LOAD CMakeFiles/Lab4.dir/Users/kylewilliamson/.pico-sdk/sdk/2.1.1/src/rp2_common/pico_bootrom/bootrom.c.o
LOAD CMakeFiles/Lab4.dir/Users/kylewilliamson/.pico-sdk/sdk/2.1.1/src/rp2_common/pico_bootrom/bootrom_lock.c.o
LOAD CMakeFiles/Lab4.dir/Users/kylewilliamson/.pico-sdk/sdk/2.1.1/src/rp2_common/hardware_boot_lock/boot_lock.c.o
LOAD CMakeFiles/Lab4.dir/Users/kylewilliamson/.pico-sdk/sdk/2.1.1/src/rp2_common/pico_flash/flash.c.o
LOAD CMakeFiles/Lab4.dir/Users/kylewilliamson/.pico-sdk/sdk/2.1.1/src/rp2_common/hardware_xosc/xosc.c.o
LOAD CMakeFiles/Lab4.dir/Users/kylewilliamson/.pico-sdk/sdk/2.1.1/src/rp2_common/hardware_divider/divider.c.o
LOAD CMakeFiles/Lab4.dir/Users/kylewilliamson/.pico-sdk/sdk/2.1.1/src/rp2_common/pico_runtime/runtime.c.o
LOAD CMakeFiles/Lab4.dir/Users/kylewilliamson/.pico-sdk/sdk/2.1.1/src/rp2_common/pico_runtime_init/runtime_init.c.o
LOAD CMakeFiles/Lab4.dir/Users/kylewilliamson/.pico-sdk/sdk/2.1.1/src/rp2_common/pico_runtime_init/runtime_init_clocks.c.o
LOAD CMakeFiles/Lab4.dir/Users/kylewilliamson/.pico-sdk/sdk/2.1.1/src/rp2_common/pico_runtime_init/runtime_init_stack_guard.c.o
LOAD CMakeFiles/Lab4.dir/Users/kylewilliamson/.pico-sdk/sdk/2.1.1/src/rp2_common/pico_bit_ops/bit_ops_aeabi.S.o
LOAD CMakeFiles/Lab4.dir/Users/kylewilliamson/.pico-sdk/sdk/2.1.1/src/rp2_common/pico_divider/divider_compiler.c.o
LOAD CMakeFiles/Lab4.dir/Users/kylewilliamson/.pico-sdk/sdk/2.1.1/src/rp2_common/pico_double/double_math.c.o
LOAD CMakeFiles/Lab4.dir/Users/kylewilliamson/.pico-sdk/sdk/2.1.1/src/rp2_common/pico_double/double_aeabi_dcp.S.o
LOAD CMakeFiles/Lab4.dir/Users/kylewilliamson/.pico-sdk/sdk/2.1.1/src/rp2_common/pico_double/double_fma_dcp.S.o
LOAD CMakeFiles/Lab4.dir/Users/kylewilliamson/.pico-sdk/sdk/2.1.1/src/rp2_common/pico_double/double_sci_m33.S.o
LOAD CMakeFiles/Lab4.dir/Users/kylewilliamson/.pico-sdk/sdk/2.1.1/src/rp2_common/pico_double/double_conv_m33.S.o
LOAD CMakeFiles/Lab4.dir/Users/kylewilliamson/.pico-sdk/sdk/2.1.1/src/rp2_common/pico_float/float_math.c.o
LOAD CMakeFiles/Lab4.dir/Users/kylewilliamson/.pico-sdk/sdk/2.1.1/src/rp2_common/pico_float/float_conv32_vfp.S.o
LOAD CMakeFiles/Lab4.dir/Users/kylewilliamson/.pico-sdk/sdk/2.1.1/src/rp2_common/pico_float/float_common_m33.S.o
LOAD CMakeFiles/Lab4.dir/Users/kylewilliamson/.pico-sdk/sdk/2.1.1/src/rp2_common/pico_float/float_sci_m33_vfp.S.o
LOAD CMakeFiles/Lab4.dir/Users/kylewilliamson/.pico-sdk/sdk/2.1.1/src/rp2_common/pico_malloc/malloc.c.o
LOAD CMakeFiles/Lab4.dir/Users/kylewilliamson/.pico-sdk/sdk/2.1.1/src/rp2_common/pico_atomic/atomic.c.o
LOAD CMakeFiles/Lab4.dir/Users/kylewilliamson/.pico-sdk/sdk/2.1.1/src/rp2_common/pico_cxx_options/new_delete.cpp.o